2026-08-17 00:14:20,701 INFO o.a.j.u.JMeterUtils: Setting Locale to en_EN
2026-08-17 00:14:20,712 INFO o.a.j.JMeter: Loading user properties from: D:\programs\apache-jmeter-5.6.3\bin\user.properties
2026-08-17 00:14:20,712 INFO o.a.j.JMeter: Loading system properties from: D:\programs\apache-jmeter-5.6.3\bin\system.properties
2026-08-17 00:14:20,719 INFO o.a.j.JMeter: Copyright (c) 1998-2024 The Apache Software Foundation
2026-08-17 00:14:20,721 INFO o.a.j.JMeter: Version 5.6.3
2026-08-17 00:14:20,721 INFO o.a.j.JMeter: java.version=1.8.0_471
2026-08-17 00:14:20,721 INFO o.a.j.JMeter: java.vm.name=Java HotSpot(TM) 64-Bit Server VM
2026-08-17 00:14:20,721 INFO o.a.j.JMeter: os.name=Windows 11
2026-08-17 00:14:20,721 INFO o.a.j.JMeter: os.arch=amd64
2026-08-17 00:14:20,721 INFO o.a.j.JMeter: os.version=10.0
2026-08-17 00:14:20,721 INFO o.a.j.JMeter: file.encoding=MS932
2026-08-17 00:14:20,721 INFO o.a.j.JMeter: java.awt.headless=true
2026-08-17 00:14:20,721 INFO o.a.j.JMeter: Max memory     =1073741824
2026-08-17 00:14:20,721 INFO o.a.j.JMeter: Available Processors =8
2026-08-17 00:14:20,726 INFO o.a.j.JMeter: Default Locale=English (EN)
2026-08-17 00:14:20,726 INFO o.a.j.JMeter: JMeter  Locale=English (EN)
2026-08-17 00:14:20,726 INFO o.a.j.JMeter: JMeterHome=D:\programs\apache-jmeter-5.6.3
2026-08-17 00:14:20,726 INFO o.a.j.JMeter: user.dir  =D:\daihoc\HK3-2026\26-KIEM-THU\hw\hw2\group\eshop-sut\hw05\submit\task1\stress
2026-08-17 00:14:20,727 INFO o.a.j.JMeter: PWD       =D:\daihoc\HK3-2026\26-KIEM-THU\hw\hw2\group\eshop-sut\hw05\submit\task1\stress
2026-08-17 00:14:20,732 INFO o.a.j.JMeter: IP: 172.20.10.2 Name: WINDOWS-PC FullName: WINDOWS-PC
2026-08-17 00:14:20,745 INFO o.a.j.JMeter: Setting property 'jmeter.reportgenerator.outputdir' to:'D:\daihoc\HK3-2026\26-KIEM-THU\hw\hw2\group\eshop-sut\hw05\submit\task1\stress\23127296_Stress_20260815_html'
2026-08-17 00:14:20,746 INFO o.a.j.s.FileServer: Default base='D:\daihoc\HK3-2026\26-KIEM-THU\hw\hw2\group\eshop-sut\hw05\submit\task1\stress'
2026-08-17 00:14:20,749 INFO o.a.j.s.FileServer: Set new base='D:\daihoc\HK3-2026\26-KIEM-THU\hw\hw2\group\eshop-sut\hw05\submit\task1\stress'
2026-08-17 00:14:20,861 INFO o.a.j.s.SaveService: Testplan (JMX) version: 2.2. Testlog (JTL) version: 2.2
2026-08-17 00:14:20,885 INFO o.a.j.s.SaveService: Using SaveService properties file encoding UTF-8
2026-08-17 00:14:20,889 INFO o.a.j.s.SaveService: Using SaveService properties version 5.0
2026-08-17 00:14:20,894 INFO o.a.j.s.SaveService: Loading file: 23127296_Stress_20260815.jmx
2026-08-17 00:14:20,948 INFO o.a.j.p.h.s.HTTPSamplerBase: Parser for text/html is org.apache.jmeter.protocol.http.parser.LagartoBasedHtmlParser
2026-08-17 00:14:20,948 INFO o.a.j.p.h.s.HTTPSamplerBase: Parser for application/xhtml+xml is org.apache.jmeter.protocol.http.parser.LagartoBasedHtmlParser
2026-08-17 00:14:20,948 INFO o.a.j.p.h.s.HTTPSamplerBase: Parser for application/xml is org.apache.jmeter.protocol.http.parser.LagartoBasedHtmlParser
2026-08-17 00:14:20,948 INFO o.a.j.p.h.s.HTTPSamplerBase: Parser for text/xml is org.apache.jmeter.protocol.http.parser.LagartoBasedHtmlParser
2026-08-17 00:14:20,948 INFO o.a.j.p.h.s.HTTPSamplerBase: Parser for text/vnd.wap.wml is org.apache.jmeter.protocol.http.parser.RegexpHTMLParser
2026-08-17 00:14:20,948 INFO o.a.j.p.h.s.HTTPSamplerBase: Parser for text/css is org.apache.jmeter.protocol.http.parser.CssParser
2026-08-17 00:14:21,199 INFO o.a.j.JMeter: Creating summariser <summary>
2026-08-17 00:14:21,203 INFO o.a.j.r.d.ReportGenerator: ReportGenerator will use for Parsing the separator: ','
2026-08-17 00:14:21,203 INFO o.a.j.r.d.ReportGenerator: Will generate report at end of test from  results file: 23127296_Stress_20260815.jtl
2026-08-17 00:14:21,203 INFO o.a.j.r.d.ReportGenerator: Reading report generator properties from: D:\programs\apache-jmeter-5.6.3\bin\reportgenerator.properties
2026-08-17 00:14:21,203 INFO o.a.j.r.d.ReportGenerator: Merging with JMeter properties
2026-08-17 00:14:21,208 INFO o.a.j.r.c.ReportGeneratorConfiguration: Property 'jmeter.reportgenerator.temp_dir' not found, using default value 'temp' instead.
2026-08-17 00:14:21,210 INFO o.a.j.r.c.ReportGeneratorConfiguration: Property 'jmeter.reportgenerator.apdex_per_transaction' not found, using default value 'null' instead.
2026-08-17 00:14:21,210 INFO o.a.j.r.c.ReportGeneratorConfiguration: apdex_per_transaction is empty, not APDEX per transaction customization
2026-08-17 00:14:21,211 INFO o.a.j.r.c.ReportGeneratorConfiguration: Property 'jmeter.reportgenerator.sample_filter' not found, using default value 'null' instead.
2026-08-17 00:14:21,211 INFO o.a.j.r.c.ReportGeneratorConfiguration: Property 'jmeter.reportgenerator.report_title' not found, using default value 'null' instead.
2026-08-17 00:14:21,211 INFO o.a.j.r.c.ReportGeneratorConfiguration: Property 'jmeter.reportgenerator.start_date' not found, using default value 'null' instead.
2026-08-17 00:14:21,211 INFO o.a.j.r.c.ReportGeneratorConfiguration: Property 'jmeter.reportgenerator.end_date' not found, using default value 'null' instead.
2026-08-17 00:14:21,211 INFO o.a.j.r.c.ReportGeneratorConfiguration: Property 'jmeter.reportgenerator.date_format' not found, using default value 'null' instead.
2026-08-17 00:14:21,211 INFO o.a.j.r.c.ReportGeneratorConfiguration: Will use date range start date: null, end date: null
2026-08-17 00:14:21,215 INFO o.a.j.r.c.ReportGeneratorConfiguration: Property 'jmeter.reportgenerator.graph.totalTPS.exclude_controllers' not found, using default value 'false' instead.
2026-08-17 00:14:21,215 INFO o.a.j.r.c.ReportGeneratorConfiguration: Property 'jmeter.reportgenerator.graph.activeThreadsOverTime.exclude_controllers' not found, using default value 'false' instead.
2026-08-17 00:14:21,215 INFO o.a.j.r.c.ReportGeneratorConfiguration: Property 'jmeter.reportgenerator.graph.timeVsThreads.exclude_controllers' not found, using default value 'false' instead.
2026-08-17 00:14:21,215 INFO o.a.j.r.c.ReportGeneratorConfiguration: Property 'jmeter.reportgenerator.graph.responseTimeDistribution.exclude_controllers' not found, using default value 'false' instead.
2026-08-17 00:14:21,215 INFO o.a.j.r.c.ReportGeneratorConfiguration: Property 'jmeter.reportgenerator.graph.transactionsPerSecond.exclude_controllers' not found, using default value 'false' instead.
2026-08-17 00:14:21,215 INFO o.a.j.r.c.ReportGeneratorConfiguration: Property 'jmeter.reportgenerator.graph.responseTimePercentiles.exclude_controllers' not found, using default value 'false' instead.
2026-08-17 00:14:21,215 INFO o.a.j.r.c.ReportGeneratorConfiguration: Property 'jmeter.reportgenerator.graph.responseTimePercentilesOverTime.exclude_controllers' not found, using default value 'false' instead.
2026-08-17 00:14:21,215 INFO o.a.j.r.c.ReportGeneratorConfiguration: Property 'jmeter.reportgenerator.graph.responseTimesOverTime.exclude_controllers' not found, using default value 'false' instead.
2026-08-17 00:14:21,216 INFO o.a.j.r.c.ReportGeneratorConfiguration: Property 'jmeter.reportgenerator.graph.connectTimeOverTime.exclude_controllers' not found, using default value 'false' instead.
2026-08-17 00:14:21,216 INFO o.a.j.r.c.ReportGeneratorConfiguration: Property 'jmeter.reportgenerator.graph.latenciesOverTime.exclude_controllers' not found, using default value 'false' instead.
2026-08-17 00:14:21,217 INFO o.a.j.r.c.ReportGeneratorConfiguration: Property 'jmeter.reportgenerator.exporter.json.filters_only_sample_series' not found, using default value 'true' instead.
2026-08-17 00:14:21,217 INFO o.a.j.r.c.ReportGeneratorConfiguration: Property 'jmeter.reportgenerator.exporter.json.series_filter' not found, using default value '' instead.
2026-08-17 00:14:21,217 INFO o.a.j.r.c.ReportGeneratorConfiguration: Property 'jmeter.reportgenerator.exporter.json.show_controllers_only' not found, using default value 'false' instead.
2026-08-17 00:14:21,217 INFO o.a.j.r.c.ReportGeneratorConfiguration: Property 'jmeter.reportgenerator.exporter.html.filters_only_sample_series' not found, using default value 'true' instead.
2026-08-17 00:14:21,218 INFO o.a.j.r.c.ReportGeneratorConfiguration: Property 'jmeter.reportgenerator.exporter.html.series_filter' not found, using default value '' instead.
2026-08-17 00:14:21,218 INFO o.a.j.r.c.ReportGeneratorConfiguration: Property 'jmeter.reportgenerator.exporter.html.show_controllers_only' not found, using default value 'false' instead.
2026-08-17 00:14:21,229 INFO o.a.j.e.StandardJMeterEngine: Running the test!
2026-08-17 00:14:21,230 INFO o.a.j.s.SampleEvent: List of sample_variables: []
2026-08-17 00:14:21,230 INFO o.a.j.s.SampleEvent: List of sample_variables: []
2026-08-17 00:14:21,237 INFO o.a.j.e.u.CompoundVariable: Note: Function class names must contain the string: '.functions.'
2026-08-17 00:14:21,237 INFO o.a.j.e.u.CompoundVariable: Note: Function class names must not contain the string: '.gui.'
2026-08-17 00:14:21,541 INFO o.a.j.JMeter: Running test (1786900461541)
2026-08-17 00:14:21,579 INFO o.a.j.e.StandardJMeterEngine: Starting ThreadGroup: 1 : Stress Test - 50 VUsers
2026-08-17 00:14:21,579 INFO o.a.j.e.StandardJMeterEngine: Starting 50 threads for group Stress Test - 50 VUsers.
2026-08-17 00:14:21,579 INFO o.a.j.e.StandardJMeterEngine: Thread will continue on error
2026-08-17 00:14:21,579 INFO o.a.j.t.ThreadGroup: Starting thread group... number=1 threads=50 ramp-up=120 delayedStart=false
2026-08-17 00:14:21,623 INFO o.a.j.t.ThreadGroup: Started thread group number 1
2026-08-17 00:14:21,623 INFO o.a.j.e.StandardJMeterEngine: All thread groups have been started
2026-08-17 00:14:21,669 INFO o.a.j.t.JMeterThread: Thread started: Stress Test - 50 VUsers 1-1
2026-08-17 00:14:21,671 INFO o.a.j.s.FileServer: Stored: test_data_checkout.csv
2026-08-17 00:14:21,691 INFO o.a.j.s.FileServer: Stored: test_data_products.csv
2026-08-17 00:14:21,692 INFO o.a.j.s.FileServer: Stored: test_data_users.csv
2026-08-17 00:14:23,171 INFO o.a.j.p.h.s.HTTPHCAbstractImpl: Local host = WINDOWS-PC
2026-08-17 00:14:23,181 INFO o.a.j.p.h.s.HTTPHC4Impl: HTTP request retry count = 0
2026-08-17 00:14:23,182 INFO o.a.j.s.SampleResult: Note: Sample TimeStamps are START times
2026-08-17 00:14:23,182 INFO o.a.j.s.SampleResult: sampleresult.default.encoding is set to UTF-8
2026-08-17 00:14:23,182 INFO o.a.j.s.SampleResult: sampleresult.useNanoTime=true
2026-08-17 00:14:23,182 INFO o.a.j.s.SampleResult: sampleresult.nanoThreadSleep=5000
2026-08-17 00:14:24,066 INFO o.a.j.t.JMeterThread: Thread started: Stress Test - 50 VUsers 1-2
2026-08-17 00:14:26,464 INFO o.a.j.t.JMeterThread: Thread started: Stress Test - 50 VUsers 1-3
2026-08-17 00:14:28,860 INFO o.a.j.t.JMeterThread: Thread started: Stress Test - 50 VUsers 1-4
2026-08-17 00:14:30,019 INFO o.a.j.r.Summariser: summary +     10 in 00:00:08 =    1.2/s Avg:     5 Min:     1 Max:    34 Err:     0 (0.00%) Active: 4 Started: 4 Finished: 0
2026-08-17 00:14:31,261 INFO o.a.j.t.JMeterThread: Thread started: Stress Test - 50 VUsers 1-5
2026-08-17 00:14:33,661 INFO o.a.j.t.JMeterThread: Thread started: Stress Test - 50 VUsers 1-6
2026-08-17 00:14:36,061 INFO o.a.j.t.JMeterThread: Thread started: Stress Test - 50 VUsers 1-7
2026-08-17 00:14:38,460 INFO o.a.j.t.JMeterThread: Thread started: Stress Test - 50 VUsers 1-8
2026-08-17 00:14:40,860 INFO o.a.j.t.JMeterThread: Thread started: Stress Test - 50 VUsers 1-9
2026-08-17 00:14:43,259 INFO o.a.j.t.JMeterThread: Thread started: Stress Test - 50 VUsers 1-10
2026-08-17 00:14:45,655 INFO o.a.j.t.JMeterThread: Thread started: Stress Test - 50 VUsers 1-11
2026-08-17 00:14:48,054 INFO o.a.j.t.JMeterThread: Thread started: Stress Test - 50 VUsers 1-12
2026-08-17 00:14:50,454 INFO o.a.j.t.JMeterThread: Thread started: Stress Test - 50 VUsers 1-13
2026-08-17 00:14:52,853 INFO o.a.j.t.JMeterThread: Thread started: Stress Test - 50 VUsers 1-14
2026-08-17 00:14:55,254 INFO o.a.j.t.JMeterThread: Thread started: Stress Test - 50 VUsers 1-15
2026-08-17 00:14:57,651 INFO o.a.j.t.JMeterThread: Thread started: Stress Test - 50 VUsers 1-16
2026-08-17 00:15:00,051 INFO o.a.j.t.JMeterThread: Thread started: Stress Test - 50 VUsers 1-17
2026-08-17 00:15:00,175 INFO o.a.j.r.Summariser: summary +    145 in 00:00:30 =    4.8/s Avg:     2 Min:     1 Max:     7 Err:     0 (0.00%) Active: 17 Started: 17 Finished: 0
2026-08-17 00:15:00,175 INFO o.a.j.r.Summariser: summary =    155 in 00:00:39 =    4.0/s Avg:     2 Min:     1 Max:    34 Err:     0 (0.00%)
2026-08-17 00:15:02,447 INFO o.a.j.t.JMeterThread: Thread started: Stress Test - 50 VUsers 1-18
2026-08-17 00:15:04,850 INFO o.a.j.t.JMeterThread: Thread started: Stress Test - 50 VUsers 1-19
2026-08-17 00:15:07,250 INFO o.a.j.t.JMeterThread: Thread started: Stress Test - 50 VUsers 1-20
2026-08-17 00:15:09,649 INFO o.a.j.t.JMeterThread: Thread started: Stress Test - 50 VUsers 1-21
2026-08-17 00:15:12,049 INFO o.a.j.t.JMeterThread: Thread started: Stress Test - 50 VUsers 1-22
2026-08-17 00:15:14,446 INFO o.a.j.t.JMeterThread: Thread started: Stress Test - 50 VUsers 1-23
2026-08-17 00:15:16,844 INFO o.a.j.t.JMeterThread: Thread started: Stress Test - 50 VUsers 1-24
2026-08-17 00:15:19,244 INFO o.a.j.t.JMeterThread: Thread started: Stress Test - 50 VUsers 1-25
2026-08-17 00:15:21,644 INFO o.a.j.t.JMeterThread: Thread started: Stress Test - 50 VUsers 1-26
2026-08-17 00:15:24,043 INFO o.a.j.t.JMeterThread: Thread started: Stress Test - 50 VUsers 1-27
2026-08-17 00:15:26,442 INFO o.a.j.t.JMeterThread: Thread started: Stress Test - 50 VUsers 1-28
2026-08-17 00:15:28,842 INFO o.a.j.t.JMeterThread: Thread started: Stress Test - 50 VUsers 1-29
2026-08-17 00:15:30,062 INFO o.a.j.r.Summariser: summary +    346 in 00:00:30 =   11.6/s Avg:     1 Min:     1 Max:     9 Err:     0 (0.00%) Active: 29 Started: 29 Finished: 0
2026-08-17 00:15:30,063 INFO o.a.j.r.Summariser: summary =    501 in 00:01:09 =    7.3/s Avg:     2 Min:     1 Max:    34 Err:     0 (0.00%)
2026-08-17 00:15:31,239 INFO o.a.j.t.JMeterThread: Thread started: Stress Test - 50 VUsers 1-30
2026-08-17 00:15:33,644 INFO o.a.j.t.JMeterThread: Thread started: Stress Test - 50 VUsers 1-31
2026-08-17 00:15:36,041 INFO o.a.j.t.JMeterThread: Thread started: Stress Test - 50 VUsers 1-32
2026-08-17 00:15:38,442 INFO o.a.j.t.JMeterThread: Thread started: Stress Test - 50 VUsers 1-33
2026-08-17 00:15:40,840 INFO o.a.j.t.JMeterThread: Thread started: Stress Test - 50 VUsers 1-34
2026-08-17 00:15:43,239 INFO o.a.j.t.JMeterThread: Thread started: Stress Test - 50 VUsers 1-35
2026-08-17 00:15:45,635 INFO o.a.j.t.JMeterThread: Thread started: Stress Test - 50 VUsers 1-36
2026-08-17 00:15:48,035 INFO o.a.j.t.JMeterThread: Thread started: Stress Test - 50 VUsers 1-37
2026-08-17 00:15:50,435 INFO o.a.j.t.JMeterThread: Thread started: Stress Test - 50 VUsers 1-38
2026-08-17 00:15:52,835 INFO o.a.j.t.JMeterThread: Thread started: Stress Test - 50 VUsers 1-39
2026-08-17 00:15:55,247 INFO o.a.j.t.JMeterThread: Thread started: Stress Test - 50 VUsers 1-40
2026-08-17 00:15:57,636 INFO o.a.j.t.JMeterThread: Thread started: Stress Test - 50 VUsers 1-41
2026-08-17 00:16:00,046 INFO o.a.j.t.JMeterThread: Thread started: Stress Test - 50 VUsers 1-42
2026-08-17 00:16:00,047 INFO o.a.j.r.Summariser: summary +    511 in 00:00:30 =   17.0/s Avg:     1 Min:     1 Max:    16 Err:     0 (0.00%) Active: 42 Started: 42 Finished: 0
2026-08-17 00:16:00,047 INFO o.a.j.r.Summariser: summary =   1012 in 00:01:39 =   10.3/s Avg:     2 Min:     1 Max:    34 Err:     0 (0.00%)
2026-08-17 00:16:02,439 INFO o.a.j.t.JMeterThread: Thread started: Stress Test - 50 VUsers 1-43
2026-08-17 00:16:04,840 INFO o.a.j.t.JMeterThread: Thread started: Stress Test - 50 VUsers 1-44
2026-08-17 00:16:07,227 INFO o.a.j.t.JMeterThread: Thread started: Stress Test - 50 VUsers 1-45
2026-08-17 00:16:09,628 INFO o.a.j.t.JMeterThread: Thread started: Stress Test - 50 VUsers 1-46
2026-08-17 00:16:12,028 INFO o.a.j.t.JMeterThread: Thread started: Stress Test - 50 VUsers 1-47
2026-08-17 00:16:14,427 INFO o.a.j.t.JMeterThread: Thread started: Stress Test - 50 VUsers 1-48
2026-08-17 00:16:16,825 INFO o.a.j.t.JMeterThread: Thread started: Stress Test - 50 VUsers 1-49
2026-08-17 00:16:19,227 INFO o.a.j.t.JMeterThread: Thread started: Stress Test - 50 VUsers 1-50
2026-08-17 00:16:30,054 INFO o.a.j.r.Summariser: summary +    712 in 00:00:30 =   23.7/s Avg:     1 Min:     0 Max:     8 Err:     0 (0.00%) Active: 50 Started: 50 Finished: 0
2026-08-17 00:16:30,054 INFO o.a.j.r.Summariser: summary =   1724 in 00:02:09 =   13.4/s Avg:     1 Min:     0 Max:    34 Err:     0 (0.00%)
2026-08-17 00:17:00,031 INFO o.a.j.r.Summariser: summary +    750 in 00:00:30 =   25.0/s Avg:     1 Min:     0 Max:    22 Err:     0 (0.00%) Active: 50 Started: 50 Finished: 0
2026-08-17 00:17:00,031 INFO o.a.j.r.Summariser: summary =   2474 in 00:02:38 =   15.6/s Avg:     1 Min:     0 Max:    34 Err:     0 (0.00%)
2026-08-17 00:17:30,094 INFO o.a.j.r.Summariser: summary +    769 in 00:00:30 =   25.6/s Avg:     1 Min:     0 Max:    13 Err:     0 (0.00%) Active: 50 Started: 50 Finished: 0
2026-08-17 00:17:30,095 INFO o.a.j.r.Summariser: summary =   3243 in 00:03:09 =   17.2/s Avg:     1 Min:     0 Max:    34 Err:     0 (0.00%)
2026-08-17 00:18:00,104 INFO o.a.j.r.Summariser: summary +    739 in 00:00:30 =   24.6/s Avg:     1 Min:     0 Max:     7 Err:     0 (0.00%) Active: 50 Started: 50 Finished: 0
2026-08-17 00:18:00,105 INFO o.a.j.r.Summariser: summary =   3982 in 00:03:39 =   18.2/s Avg:     1 Min:     0 Max:    34 Err:     0 (0.00%)
2026-08-17 00:18:30,084 INFO o.a.j.r.Summariser: summary +    732 in 00:00:30 =   24.4/s Avg:     1 Min:     0 Max:    12 Err:     0 (0.00%) Active: 50 Started: 50 Finished: 0
2026-08-17 00:18:30,084 INFO o.a.j.r.Summariser: summary =   4714 in 00:04:09 =   19.0/s Avg:     1 Min:     0 Max:    34 Err:     0 (0.00%)
2026-08-17 00:19:00,052 INFO o.a.j.r.Summariser: summary +    747 in 00:00:30 =   24.9/s Avg:     1 Min:     0 Max:    12 Err:     0 (0.00%) Active: 50 Started: 50 Finished: 0
2026-08-17 00:19:00,052 INFO o.a.j.r.Summariser: summary =   5461 in 00:04:39 =   19.6/s Avg:     1 Min:     0 Max:    34 Err:     0 (0.00%)
2026-08-17 00:19:30,021 INFO o.a.j.r.Summariser: summary +    733 in 00:00:30 =   24.5/s Avg:     1 Min:     0 Max:     6 Err:     0 (0.00%) Active: 50 Started: 50 Finished: 0
2026-08-17 00:19:30,022 INFO o.a.j.r.Summariser: summary =   6194 in 00:05:08 =   20.1/s Avg:     1 Min:     0 Max:    34 Err:     0 (0.00%)
2026-08-17 00:20:00,011 INFO o.a.j.r.Summariser: summary +    746 in 00:00:30 =   24.9/s Avg:     1 Min:     0 Max:    29 Err:     0 (0.00%) Active: 50 Started: 50 Finished: 0
2026-08-17 00:20:00,012 INFO o.a.j.r.Summariser: summary =   6940 in 00:05:38 =   20.5/s Avg:     1 Min:     0 Max:    34 Err:     0 (0.00%)
2026-08-17 00:20:30,123 INFO o.a.j.r.Summariser: summary +    733 in 00:00:30 =   24.3/s Avg:     1 Min:     0 Max:    36 Err:     0 (0.00%) Active: 50 Started: 50 Finished: 0
2026-08-17 00:20:30,123 INFO o.a.j.r.Summariser: summary =   7673 in 00:06:09 =   20.8/s Avg:     1 Min:     0 Max:    36 Err:     0 (0.00%)
2026-08-17 00:21:00,009 INFO o.a.j.r.Summariser: summary +    755 in 00:00:30 =   25.3/s Avg:     1 Min:     0 Max:    28 Err:     0 (0.00%) Active: 50 Started: 50 Finished: 0
2026-08-17 00:21:00,010 INFO o.a.j.r.Summariser: summary =   8428 in 00:06:38 =   21.2/s Avg:     1 Min:     0 Max:    36 Err:     0 (0.00%)
2026-08-17 00:21:30,020 INFO o.a.j.r.Summariser: summary +    760 in 00:00:30 =   25.3/s Avg:     1 Min:     0 Max:    18 Err:     0 (0.00%) Active: 50 Started: 50 Finished: 0
2026-08-17 00:21:30,021 INFO o.a.j.r.Summariser: summary =   9188 in 00:07:08 =   21.4/s Avg:     1 Min:     0 Max:    36 Err:     0 (0.00%)
2026-08-17 00:22:00,040 INFO o.a.j.r.Summariser: summary +    735 in 00:00:30 =   24.5/s Avg:     1 Min:     0 Max:    21 Err:     0 (0.00%) Active: 50 Started: 50 Finished: 0
2026-08-17 00:22:00,040 INFO o.a.j.r.Summariser: summary =   9923 in 00:07:38 =   21.6/s Avg:     1 Min:     0 Max:    36 Err:     0 (0.00%)
2026-08-17 00:22:30,031 INFO o.a.j.r.Summariser: summary +    768 in 00:00:30 =   25.6/s Avg:     1 Min:     0 Max:    33 Err:     0 (0.00%) Active: 50 Started: 50 Finished: 0
2026-08-17 00:22:30,031 INFO o.a.j.r.Summariser: summary =  10691 in 00:08:08 =   21.9/s Avg:     1 Min:     0 Max:    36 Err:     0 (0.00%)
2026-08-17 00:23:00,005 INFO o.a.j.r.Summariser: summary +    756 in 00:00:30 =   25.2/s Avg:     1 Min:     0 Max:     7 Err:     0 (0.00%) Active: 50 Started: 50 Finished: 0
2026-08-17 00:23:00,005 INFO o.a.j.r.Summariser: summary =  11447 in 00:08:38 =   22.1/s Avg:     1 Min:     0 Max:    36 Err:     0 (0.00%)
2026-08-17 00:23:30,036 INFO o.a.j.r.Summariser: summary +    762 in 00:00:30 =   25.4/s Avg:     1 Min:     0 Max:    13 Err:     0 (0.00%) Active: 50 Started: 50 Finished: 0
2026-08-17 00:23:30,036 INFO o.a.j.r.Summariser: summary =  12209 in 00:09:08 =   22.3/s Avg:     1 Min:     0 Max:    36 Err:     0 (0.00%)
2026-08-17 00:24:00,023 INFO o.a.j.r.Summariser: summary +    737 in 00:00:30 =   24.6/s Avg:     1 Min:     0 Max:    12 Err:     0 (0.00%) Active: 50 Started: 50 Finished: 0
2026-08-17 00:24:00,023 INFO o.a.j.r.Summariser: summary =  12946 in 00:09:38 =   22.4/s Avg:     1 Min:     0 Max:    36 Err:     0 (0.00%)
2026-08-17 00:24:19,122 INFO o.a.j.t.JMeterThread: Thread finished: Stress Test - 50 VUsers 1-43
2026-08-17 00:24:19,368 INFO o.a.j.t.JMeterThread: Thread finished: Stress Test - 50 VUsers 1-19
2026-08-17 00:24:19,521 INFO o.a.j.t.JMeterThread: Thread finished: Stress Test - 50 VUsers 1-16
2026-08-17 00:24:19,585 INFO o.a.j.t.JMeterThread: Thread finished: Stress Test - 50 VUsers 1-45
2026-08-17 00:24:19,635 INFO o.a.j.t.JMeterThread: Thread finished: Stress Test - 50 VUsers 1-5
2026-08-17 00:24:19,879 INFO o.a.j.t.JMeterThread: Thread finished: Stress Test - 50 VUsers 1-14
2026-08-17 00:24:19,923 INFO o.a.j.t.JMeterThread: Thread finished: Stress Test - 50 VUsers 1-13
2026-08-17 00:24:19,931 INFO o.a.j.t.JMeterThread: Thread finished: Stress Test - 50 VUsers 1-35
2026-08-17 00:24:19,950 INFO o.a.j.t.JMeterThread: Thread finished: Stress Test - 50 VUsers 1-4
2026-08-17 00:24:19,965 INFO o.a.j.t.JMeterThread: Thread finished: Stress Test - 50 VUsers 1-50
2026-08-17 00:24:19,983 INFO o.a.j.t.JMeterThread: Thread finished: Stress Test - 50 VUsers 1-31
2026-08-17 00:24:20,016 INFO o.a.j.t.JMeterThread: Thread finished: Stress Test - 50 VUsers 1-24
2026-08-17 00:24:20,049 INFO o.a.j.t.JMeterThread: Thread finished: Stress Test - 50 VUsers 1-33
2026-08-17 00:24:20,119 INFO o.a.j.t.JMeterThread: Thread finished: Stress Test - 50 VUsers 1-38
2026-08-17 00:24:20,180 INFO o.a.j.t.JMeterThread: Thread finished: Stress Test - 50 VUsers 1-23
2026-08-17 00:24:20,343 INFO o.a.j.t.JMeterThread: Thread finished: Stress Test - 50 VUsers 1-44
2026-08-17 00:24:20,355 INFO o.a.j.t.JMeterThread: Thread finished: Stress Test - 50 VUsers 1-40
2026-08-17 00:24:20,369 INFO o.a.j.t.JMeterThread: Thread finished: Stress Test - 50 VUsers 1-41
2026-08-17 00:24:20,437 INFO o.a.j.t.JMeterThread: Thread finished: Stress Test - 50 VUsers 1-22
2026-08-17 00:24:20,488 INFO o.a.j.t.JMeterThread: Thread finished: Stress Test - 50 VUsers 1-32
2026-08-17 00:24:20,521 INFO o.a.j.t.JMeterThread: Thread finished: Stress Test - 50 VUsers 1-47
2026-08-17 00:24:20,522 INFO o.a.j.t.JMeterThread: Thread finished: Stress Test - 50 VUsers 1-11
2026-08-17 00:24:20,539 INFO o.a.j.t.JMeterThread: Thread finished: Stress Test - 50 VUsers 1-29
2026-08-17 00:24:20,674 INFO o.a.j.t.JMeterThread: Thread finished: Stress Test - 50 VUsers 1-8
2026-08-17 00:24:20,810 INFO o.a.j.t.JMeterThread: Thread finished: Stress Test - 50 VUsers 1-28
2026-08-17 00:24:20,828 INFO o.a.j.t.JMeterThread: Thread finished: Stress Test - 50 VUsers 1-15
2026-08-17 00:24:20,874 INFO o.a.j.t.JMeterThread: Thread finished: Stress Test - 50 VUsers 1-27
2026-08-17 00:24:20,883 INFO o.a.j.t.JMeterThread: Thread finished: Stress Test - 50 VUsers 1-7
2026-08-17 00:24:20,913 INFO o.a.j.t.JMeterThread: Thread finished: Stress Test - 50 VUsers 1-18
2026-08-17 00:24:20,925 INFO o.a.j.t.JMeterThread: Thread finished: Stress Test - 50 VUsers 1-30
2026-08-17 00:24:20,929 INFO o.a.j.t.JMeterThread: Thread finished: Stress Test - 50 VUsers 1-48
2026-08-17 00:24:20,934 INFO o.a.j.t.JMeterThread: Thread finished: Stress Test - 50 VUsers 1-9
2026-08-17 00:24:20,982 INFO o.a.j.t.JMeterThread: Thread finished: Stress Test - 50 VUsers 1-20
2026-08-17 00:24:21,164 INFO o.a.j.t.JMeterThread: Thread finished: Stress Test - 50 VUsers 1-6
2026-08-17 00:24:21,174 INFO o.a.j.t.JMeterThread: Thread finished: Stress Test - 50 VUsers 1-17
2026-08-17 00:24:21,174 INFO o.a.j.t.JMeterThread: Thread finished: Stress Test - 50 VUsers 1-1
2026-08-17 00:24:21,191 INFO o.a.j.t.JMeterThread: Thread finished: Stress Test - 50 VUsers 1-49
2026-08-17 00:24:21,200 INFO o.a.j.t.JMeterThread: Thread finished: Stress Test - 50 VUsers 1-21
2026-08-17 00:24:21,213 INFO o.a.j.t.JMeterThread: Thread finished: Stress Test - 50 VUsers 1-2
2026-08-17 00:24:21,230 INFO o.a.j.t.JMeterThread: Thread finished: Stress Test - 50 VUsers 1-39
2026-08-17 00:24:21,280 INFO o.a.j.t.JMeterThread: Thread finished: Stress Test - 50 VUsers 1-25
2026-08-17 00:24:21,318 INFO o.a.j.t.JMeterThread: Thread finished: Stress Test - 50 VUsers 1-42
2026-08-17 00:24:21,327 INFO o.a.j.t.JMeterThread: Thread finished: Stress Test - 50 VUsers 1-3
2026-08-17 00:24:21,331 INFO o.a.j.t.JMeterThread: Thread finished: Stress Test - 50 VUsers 1-10
2026-08-17 00:24:21,371 INFO o.a.j.t.JMeterThread: Thread finished: Stress Test - 50 VUsers 1-26
2026-08-17 00:24:21,467 INFO o.a.j.t.JMeterThread: Thread finished: Stress Test - 50 VUsers 1-46
2026-08-17 00:24:21,481 INFO o.a.j.t.JMeterThread: Thread finished: Stress Test - 50 VUsers 1-34
2026-08-17 00:24:21,555 INFO o.a.j.t.JMeterThread: Thread finished: Stress Test - 50 VUsers 1-12
2026-08-17 00:24:21,559 INFO o.a.j.t.JMeterThread: Thread finished: Stress Test - 50 VUsers 1-37
2026-08-17 00:24:21,609 INFO o.a.j.t.JMeterThread: Thread finished: Stress Test - 50 VUsers 1-36
2026-08-17 00:24:21,616 INFO o.a.j.e.StandardJMeterEngine: Notifying test listeners of end of test
2026-08-17 00:24:21,616 INFO o.a.j.s.FileServer: Close: test_data_users.csv
2026-08-17 00:24:21,616 INFO o.a.j.s.FileServer: Close: test_data_products.csv
2026-08-17 00:24:21,616 INFO o.a.j.s.FileServer: Close: test_data_checkout.csv
2026-08-17 00:24:21,617 INFO o.a.j.r.Summariser: summary +    542 in 00:00:22 =   25.1/s Avg:     1 Min:     0 Max:    17 Err:     0 (0.00%) Active: 0 Started: 50 Finished: 50
2026-08-17 00:24:21,634 INFO o.a.j.r.Summariser: summary =  13488 in 00:10:00 =   22.5/s Avg:     1 Min:     0 Max:    36 Err:     0 (0.00%)
2026-08-17 00:24:21,641 INFO o.a.j.JMeter: Generating Dashboard
2026-08-17 00:24:21,641 INFO o.a.j.r.d.ReportGenerator: Flushing result collector before report Generation
2026-08-17 00:24:21,659 INFO o.a.j.r.p.NormalizerSampleConsumer: Using format, 'ms', to parse timeStamp field
2026-08-17 00:24:22,318 INFO o.a.j.r.p.AbstractSampleConsumer: class org.apache.jmeter.report.processor.AggregateConsumer#stopProducing(): beginDate produced 0 samples
2026-08-17 00:24:22,318 INFO o.a.j.r.p.AbstractSampleConsumer: class org.apache.jmeter.report.processor.AggregateConsumer#stopProducing(): endDate produced 0 samples
2026-08-17 00:24:22,321 INFO o.a.j.r.p.AbstractSampleConsumer: class org.apache.jmeter.report.processor.ApdexSummaryConsumer#stopProducing(): apdexSummary produced 0 samples
2026-08-17 00:24:22,321 INFO o.a.j.r.p.AbstractSampleConsumer: class org.apache.jmeter.report.processor.RequestsSummaryConsumer#stopProducing(): requestsSummary produced 0 samples
2026-08-17 00:24:22,331 INFO o.a.j.r.p.AbstractSampleConsumer: class org.apache.jmeter.report.processor.StatisticsSummaryConsumer#stopProducing(): statisticsSummary produced 0 samples
2026-08-17 00:24:22,338 INFO o.a.j.r.p.AbstractSampleConsumer: class org.apache.jmeter.report.processor.Top5ErrorsBySamplerConsumer#stopProducing(): top5ErrorsBySampler produced 0 samples
2026-08-17 00:24:22,338 INFO o.a.j.r.p.AbstractSampleConsumer: class org.apache.jmeter.report.processor.ErrorsSummaryConsumer#stopProducing(): errorsSummary produced 0 samples
2026-08-17 00:24:22,338 INFO o.a.j.r.p.AbstractSampleConsumer: class org.apache.jmeter.report.processor.graph.impl.HitsPerSecondGraphConsumer#stopProducing(): hitsPerSecond produced 0 samples
2026-08-17 00:24:22,460 INFO o.a.j.r.p.AbstractSampleConsumer: class org.apache.jmeter.report.processor.graph.impl.LatencyVSRequestGraphConsumer#stopProducing(): latencyVsRequest produced 0 samples
2026-08-17 00:24:22,462 INFO o.a.j.r.p.AbstractSampleConsumer: class org.apache.jmeter.report.processor.graph.impl.SyntheticResponseTimeDistributionGraphConsumer#stopProducing(): syntheticResponseTimeDistribution produced 0 samples
2026-08-17 00:24:22,462 INFO o.a.j.r.p.AbstractSampleConsumer: class org.apache.jmeter.report.processor.graph.impl.BytesThroughputGraphConsumer#stopProducing(): bytesThroughputOverTime produced 0 samples
2026-08-17 00:24:22,462 INFO o.a.j.r.p.AbstractSampleConsumer: class org.apache.jmeter.report.processor.graph.impl.CodesPerSecondGraphConsumer#stopProducing(): codesPerSecond produced 0 samples
2026-08-17 00:24:22,537 INFO o.a.j.r.p.AbstractSampleConsumer: class org.apache.jmeter.report.processor.graph.impl.ResponseTimeVSRequestGraphConsumer#stopProducing(): responseTimeVsRequest produced 0 samples
2026-08-17 00:24:22,538 INFO o.a.j.r.p.AbstractSampleConsumer: class org.apache.jmeter.report.processor.FilterConsumer#stopProducing(): startIntervalControlerFilter produced 94416 samples
2026-08-17 00:24:22,538 INFO o.a.j.r.p.AbstractSampleConsumer: class org.apache.jmeter.report.processor.graph.impl.TotalTPSGraphConsumer#stopProducing(): totalTPS produced 0 samples
2026-08-17 00:24:22,538 INFO o.a.j.r.p.AbstractSampleConsumer: class org.apache.jmeter.report.processor.graph.impl.ActiveThreadsGraphConsumer#stopProducing(): activeThreadsOverTime produced 0 samples
2026-08-17 00:24:22,538 INFO o.a.j.r.p.AbstractSampleConsumer: class org.apache.jmeter.report.processor.graph.impl.TimeVSThreadGraphConsumer#stopProducing(): timeVsThreads produced 0 samples
2026-08-17 00:24:22,539 INFO o.a.j.r.p.AbstractSampleConsumer: class org.apache.jmeter.report.processor.graph.impl.ResponseTimeDistributionGraphConsumer#stopProducing(): responseTimeDistribution produced 0 samples
2026-08-17 00:24:22,539 INFO o.a.j.r.p.AbstractSampleConsumer: class org.apache.jmeter.report.processor.graph.impl.TransactionsPerSecondGraphConsumer#stopProducing(): transactionsPerSecond produced 0 samples
2026-08-17 00:24:22,540 INFO o.a.j.r.p.AbstractSampleConsumer: class org.apache.jmeter.report.processor.graph.impl.ResponseTimePercentilesGraphConsumer#stopProducing(): responseTimePercentiles produced 0 samples
2026-08-17 00:24:22,543 INFO o.a.j.r.p.AbstractSampleConsumer: class org.apache.jmeter.report.processor.graph.impl.ResponseTimePercentilesOverTimeGraphConsumer#stopProducing(): responseTimePercentilesOverTime produced 0 samples
2026-08-17 00:24:22,544 INFO o.a.j.r.p.AbstractSampleConsumer: class org.apache.jmeter.report.processor.graph.impl.ResponseTimeOverTimeGraphConsumer#stopProducing(): responseTimesOverTime produced 0 samples
2026-08-17 00:24:22,545 INFO o.a.j.r.p.AbstractSampleConsumer: class org.apache.jmeter.report.processor.graph.impl.ConnectTimeOverTimeGraphConsumer#stopProducing(): connectTimeOverTime produced 0 samples
2026-08-17 00:24:22,545 INFO o.a.j.r.p.AbstractSampleConsumer: class org.apache.jmeter.report.processor.graph.impl.LatencyOverTimeGraphConsumer#stopProducing(): latenciesOverTime produced 0 samples
2026-08-17 00:24:22,545 INFO o.a.j.r.p.AbstractSampleConsumer: class org.apache.jmeter.report.processor.FilterConsumer#stopProducing(): nameFilter produced 202320 samples
2026-08-17 00:24:22,545 INFO o.a.j.r.p.AbstractSampleConsumer: class org.apache.jmeter.report.processor.FilterConsumer#stopProducing(): dateRangeFilter produced 40464 samples
2026-08-17 00:24:22,545 INFO o.a.j.r.p.AbstractSampleConsumer: class org.apache.jmeter.report.processor.NormalizerSampleConsumer#stopProducing(): normalizer produced 13488 samples
2026-08-17 00:24:22,552 INFO o.a.j.r.p.CsvFileSampleSource: produce(): 13488 samples produced in 858ms on channel 0
2026-08-17 00:24:22,552 INFO o.a.j.r.d.ReportGenerator: Exporting data using exporter:'json' of className:'org.apache.jmeter.report.dashboard.JsonExporter'
2026-08-17 00:24:22,661 INFO o.a.j.r.d.JsonExporter: Found data for consumer statisticsSummary?in context
2026-08-17 00:24:22,661 INFO o.a.j.r.d.JsonExporter: Creating statistics for overall
2026-08-17 00:24:22,661 INFO o.a.j.r.d.JsonExporter: Creating statistics for other transactions
2026-08-17 00:24:22,662 INFO o.a.j.r.d.JsonExporter: Checking output folder
2026-08-17 00:24:22,662 INFO o.a.j.r.d.JsonExporter: Writing statistics JSON to D:\daihoc\HK3-2026\26-KIEM-THU\hw\hw2\group\eshop-sut\hw05\submit\task1\stress\23127296_Stress_20260815_html\statistics.json
2026-08-17 00:24:22,700 INFO o.a.j.r.d.ReportGenerator: Exporting data using exporter:'html' of className:'org.apache.jmeter.report.dashboard.HtmlTemplateExporter'
2026-08-17 00:24:22,702 INFO o.a.j.r.d.HtmlTemplateExporter: Will generate dashboard in folder: D:\daihoc\HK3-2026\26-KIEM-THU\hw\hw2\group\eshop-sut\hw05\submit\task1\stress\23127296_Stress_20260815_html
2026-08-17 00:24:22,822 INFO o.a.j.r.d.HtmlTemplateExporter: Report will be generated in: D:\daihoc\HK3-2026\26-KIEM-THU\hw\hw2\group\eshop-sut\hw05\submit\task1\stress\23127296_Stress_20260815_html, creating folder structure
2026-08-17 00:24:22,824 INFO o.a.j.r.d.TemplateVisitor: Copying folder from 'D:\programs\apache-jmeter-5.6.3\bin\report-template' to 'D:\daihoc\HK3-2026\26-KIEM-THU\hw\hw2\group\eshop-sut\hw05\submit\task1\stress\23127296_Stress_20260815_html', got message: D:\daihoc\HK3-2026\26-KIEM-THU\hw\hw2\group\eshop-sut\hw05\submit\task1\stress\23127296_Stress_20260815_html, found non empty folder with following content [D:\daihoc\HK3-2026\26-KIEM-THU\hw\hw2\group\eshop-sut\hw05\submit\task1\stress\23127296_Stress_20260815_html\statistics.json], will be ignored
2026-08-17 00:24:23,208 INFO o.a.j.JMeter: Dashboard generated
