=== SESSION PROMPT LOG ===
=== Khởi tạo: 2026-06-27 12:02 ===

---

## Tương tác 1

**Timestamp:** 2026-06-27 12:02:00

**Input (User):**
chuyển thư mục làm việc tới D:\daihoc\HK3-2026\26-KIEM-THU\hw\hw2\group\eshop-sut

**Output (AI):**
Đã chuyển thư mục làm việc tới D:\daihoc\HK3-2026\26-KIEM-THU\hw\hw2\group\eshop-sut. Đây là cấu trúc dự án:

- **backend/** - Backend
- **frontend-admin/**, **frontend-web/**, **frontend-mobile/** - Các frontend
- **agent-domain-testing-skill/** - Kỹ năng testing domain agent
- **evidence/** - Bằng chứng
- **README.md**, **report.md**, **setup_guide.md**, **api_specification.md**, **requirements-to-test.md** - Tài liệu
- **run_servers.sh** - Script chạy servers

Bạn cần tôi làm gì tiếp theo?

---

## Tương tác 2

**Timestamp:** 2026-06-27 12:02:XX

**Input (User):**
hãy liên tục cập nhật toàn bộ lịch sử prompt này gồm input output cùng với timestamp và lưu vào thư mục prompt

**Output (AI):**
[Đang tạo thư mục prompt/ và ghi log...]

---
