2026-08-17 11:14:42,098 INFO o.a.j.u.JMeterUtils: Setting Locale to en_EN
2026-08-17 11:14:42,109 INFO o.a.j.JMeter: Loading user properties from: D:\programs\apache-jmeter-5.6.3\bin\user.properties
2026-08-17 11:14:42,109 INFO o.a.j.JMeter: Loading system properties from: D:\programs\apache-jmeter-5.6.3\bin\system.properties
2026-08-17 11:14:42,117 INFO o.a.j.JMeter: Copyright (c) 1998-2024 The Apache Software Foundation
2026-08-17 11:14:42,117 INFO o.a.j.JMeter: Version 5.6.3
2026-08-17 11:14:42,117 INFO o.a.j.JMeter: java.version=1.8.0_471
2026-08-17 11:14:42,117 INFO o.a.j.JMeter: java.vm.name=Java HotSpot(TM) 64-Bit Server VM
2026-08-17 11:14:42,118 INFO o.a.j.JMeter: os.name=Windows 11
2026-08-17 11:14:42,118 INFO o.a.j.JMeter: os.arch=amd64
2026-08-17 11:14:42,118 INFO o.a.j.JMeter: os.version=10.0
2026-08-17 11:14:42,118 INFO o.a.j.JMeter: file.encoding=MS932
2026-08-17 11:14:42,118 INFO o.a.j.JMeter: java.awt.headless=true
2026-08-17 11:14:42,118 INFO o.a.j.JMeter: Max memory     =1073741824
2026-08-17 11:14:42,118 INFO o.a.j.JMeter: Available Processors =8
2026-08-17 11:14:42,121 INFO o.a.j.JMeter: Default Locale=English (EN)
2026-08-17 11:14:42,121 INFO o.a.j.JMeter: JMeter  Locale=English (EN)
2026-08-17 11:14:42,121 INFO o.a.j.JMeter: JMeterHome=D:\programs\apache-jmeter-5.6.3
2026-08-17 11:14:42,121 INFO o.a.j.JMeter: user.dir  =D:\daihoc\HK3-2026\26-KIEM-THU\hw\hw2\group\eshop-sut\hw05\submit\task1\load
2026-08-17 11:14:42,122 INFO o.a.j.JMeter: PWD       =D:\daihoc\HK3-2026\26-KIEM-THU\hw\hw2\group\eshop-sut\hw05\submit\task1\load
2026-08-17 11:14:42,123 INFO o.a.j.JMeter: IP: 192.168.1.15 Name: WINDOWS-PC FullName: WINDOWS-PC
2026-08-17 11:14:42,138 INFO o.a.j.JMeter: Setting property 'jmeter.reportgenerator.outputdir' to:'D:\daihoc\HK3-2026\26-KIEM-THU\hw\hw2\group\eshop-sut\hw05\submit\task1\load\.\23127296_Load_20260815_html'
2026-08-17 11:14:42,140 INFO o.a.j.s.FileServer: Default base='D:\daihoc\HK3-2026\26-KIEM-THU\hw\hw2\group\eshop-sut\hw05\submit\task1\load'
2026-08-17 11:14:42,142 INFO o.a.j.s.FileServer: Set new base='D:\daihoc\HK3-2026\26-KIEM-THU\hw\hw2\group\eshop-sut\hw05\submit\task1\load\.'
2026-08-17 11:14:42,277 INFO o.a.j.s.SaveService: Testplan (JMX) version: 2.2. Testlog (JTL) version: 2.2
2026-08-17 11:14:42,313 INFO o.a.j.s.SaveService: Using SaveService properties file encoding UTF-8
2026-08-17 11:14:42,318 INFO o.a.j.s.SaveService: Using SaveService properties version 5.0
2026-08-17 11:14:42,325 INFO o.a.j.s.SaveService: Loading file: .\23127296_Load_20260815.jmx
2026-08-17 11:14:42,413 INFO o.a.j.p.h.s.HTTPSamplerBase: Parser for text/html is org.apache.jmeter.protocol.http.parser.LagartoBasedHtmlParser
2026-08-17 11:14:42,413 INFO o.a.j.p.h.s.HTTPSamplerBase: Parser for application/xhtml+xml is org.apache.jmeter.protocol.http.parser.LagartoBasedHtmlParser
2026-08-17 11:14:42,413 INFO o.a.j.p.h.s.HTTPSamplerBase: Parser for application/xml is org.apache.jmeter.protocol.http.parser.LagartoBasedHtmlParser
2026-08-17 11:14:42,413 INFO o.a.j.p.h.s.HTTPSamplerBase: Parser for text/xml is org.apache.jmeter.protocol.http.parser.LagartoBasedHtmlParser
2026-08-17 11:14:42,413 INFO o.a.j.p.h.s.HTTPSamplerBase: Parser for text/vnd.wap.wml is org.apache.jmeter.protocol.http.parser.RegexpHTMLParser
2026-08-17 11:14:42,413 INFO o.a.j.p.h.s.HTTPSamplerBase: Parser for text/css is org.apache.jmeter.protocol.http.parser.CssParser
2026-08-17 11:14:42,736 INFO o.a.j.JMeter: Creating summariser <summary>
2026-08-17 11:14:42,743 INFO o.a.j.r.d.ReportGenerator: ReportGenerator will use for Parsing the separator: ','
2026-08-17 11:14:42,743 INFO o.a.j.r.d.ReportGenerator: Will generate report at end of test from  results file: .\23127296_Load_20260815.jtl
2026-08-17 11:14:42,743 INFO o.a.j.r.d.ReportGenerator: Reading report generator properties from: D:\programs\apache-jmeter-5.6.3\bin\reportgenerator.properties
2026-08-17 11:14:42,745 INFO o.a.j.r.d.ReportGenerator: Merging with JMeter properties
2026-08-17 11:14:42,754 INFO o.a.j.r.c.ReportGeneratorConfiguration: Property 'jmeter.reportgenerator.temp_dir' not found, using default value 'temp' instead.
2026-08-17 11:14:42,764 INFO o.a.j.r.c.ReportGeneratorConfiguration: Property 'jmeter.reportgenerator.apdex_per_transaction' not found, using default value 'null' instead.
2026-08-17 11:14:42,764 INFO o.a.j.r.c.ReportGeneratorConfiguration: apdex_per_transaction is empty, not APDEX per transaction customization
2026-08-17 11:14:42,764 INFO o.a.j.r.c.ReportGeneratorConfiguration: Property 'jmeter.reportgenerator.sample_filter' not found, using default value 'null' instead.
2026-08-17 11:14:42,765 INFO o.a.j.r.c.ReportGeneratorConfiguration: Property 'jmeter.reportgenerator.report_title' not found, using default value 'null' instead.
2026-08-17 11:14:42,765 INFO o.a.j.r.c.ReportGeneratorConfiguration: Property 'jmeter.reportgenerator.start_date' not found, using default value 'null' instead.
2026-08-17 11:14:42,765 INFO o.a.j.r.c.ReportGeneratorConfiguration: Property 'jmeter.reportgenerator.end_date' not found, using default value 'null' instead.
2026-08-17 11:14:42,765 INFO o.a.j.r.c.ReportGeneratorConfiguration: Property 'jmeter.reportgenerator.date_format' not found, using default value 'null' instead.
2026-08-17 11:14:42,769 INFO o.a.j.r.c.ReportGeneratorConfiguration: Will use date range start date: null, end date: null
2026-08-17 11:14:42,775 INFO o.a.j.r.c.ReportGeneratorConfiguration: Property 'jmeter.reportgenerator.graph.totalTPS.exclude_controllers' not found, using default value 'false' instead.
2026-08-17 11:14:42,775 INFO o.a.j.r.c.ReportGeneratorConfiguration: Property 'jmeter.reportgenerator.graph.activeThreadsOverTime.exclude_controllers' not found, using default value 'false' instead.
2026-08-17 11:14:42,776 INFO o.a.j.r.c.ReportGeneratorConfiguration: Property 'jmeter.reportgenerator.graph.timeVsThreads.exclude_controllers' not found, using default value 'false' instead.
2026-08-17 11:14:42,776 INFO o.a.j.r.c.ReportGeneratorConfiguration: Property 'jmeter.reportgenerator.graph.responseTimeDistribution.exclude_controllers' not found, using default value 'false' instead.
2026-08-17 11:14:42,776 INFO o.a.j.r.c.ReportGeneratorConfiguration: Property 'jmeter.reportgenerator.graph.transactionsPerSecond.exclude_controllers' not found, using default value 'false' instead.
2026-08-17 11:14:42,776 INFO o.a.j.r.c.ReportGeneratorConfiguration: Property 'jmeter.reportgenerator.graph.responseTimePercentiles.exclude_controllers' not found, using default value 'false' instead.
2026-08-17 11:14:42,776 INFO o.a.j.r.c.ReportGeneratorConfiguration: Property 'jmeter.reportgenerator.graph.responseTimePercentilesOverTime.exclude_controllers' not found, using default value 'false' instead.
2026-08-17 11:14:42,776 INFO o.a.j.r.c.ReportGeneratorConfiguration: Property 'jmeter.reportgenerator.graph.responseTimesOverTime.exclude_controllers' not found, using default value 'false' instead.
2026-08-17 11:14:42,777 INFO o.a.j.r.c.ReportGeneratorConfiguration: Property 'jmeter.reportgenerator.graph.connectTimeOverTime.exclude_controllers' not found, using default value 'false' instead.
2026-08-17 11:14:42,777 INFO o.a.j.r.c.ReportGeneratorConfiguration: Property 'jmeter.reportgenerator.graph.latenciesOverTime.exclude_controllers' not found, using default value 'false' instead.
2026-08-17 11:14:42,781 INFO o.a.j.r.c.ReportGeneratorConfiguration: Property 'jmeter.reportgenerator.exporter.json.filters_only_sample_series' not found, using default value 'true' instead.
2026-08-17 11:14:42,781 INFO o.a.j.r.c.ReportGeneratorConfiguration: Property 'jmeter.reportgenerator.exporter.json.series_filter' not found, using default value '' instead.
2026-08-17 11:14:42,781 INFO o.a.j.r.c.ReportGeneratorConfiguration: Property 'jmeter.reportgenerator.exporter.json.show_controllers_only' not found, using default value 'false' instead.
2026-08-17 11:14:42,782 INFO o.a.j.r.c.ReportGeneratorConfiguration: Property 'jmeter.reportgenerator.exporter.html.filters_only_sample_series' not found, using default value 'true' instead.
2026-08-17 11:14:42,782 INFO o.a.j.r.c.ReportGeneratorConfiguration: Property 'jmeter.reportgenerator.exporter.html.series_filter' not found, using default value '' instead.
2026-08-17 11:14:42,782 INFO o.a.j.r.c.ReportGeneratorConfiguration: Property 'jmeter.reportgenerator.exporter.html.show_controllers_only' not found, using default value 'false' instead.
2026-08-17 11:14:42,807 INFO o.a.j.e.StandardJMeterEngine: Running the test!
2026-08-17 11:14:42,808 INFO o.a.j.s.SampleEvent: List of sample_variables: []
2026-08-17 11:14:42,808 INFO o.a.j.s.SampleEvent: List of sample_variables: []
2026-08-17 11:14:42,819 INFO o.a.j.e.u.CompoundVariable: Note: Function class names must contain the string: '.functions.'
2026-08-17 11:14:42,819 INFO o.a.j.e.u.CompoundVariable: Note: Function class names must not contain the string: '.gui.'
2026-08-17 11:14:43,534 INFO o.a.j.JMeter: Running test (1786940083534)
2026-08-17 11:14:43,615 INFO o.a.j.e.StandardJMeterEngine: Starting ThreadGroup: 1 : Load Test - 10 VUsers
2026-08-17 11:14:43,615 INFO o.a.j.e.StandardJMeterEngine: Starting 10 threads for group Load Test - 10 VUsers.
2026-08-17 11:14:43,615 INFO o.a.j.e.StandardJMeterEngine: Thread will continue on error
2026-08-17 11:14:43,616 INFO o.a.j.t.ThreadGroup: Starting thread group... number=1 threads=10 ramp-up=60 delayedStart=false
2026-08-17 11:14:43,649 INFO o.a.j.t.ThreadGroup: Started thread group number 1
2026-08-17 11:14:43,650 INFO o.a.j.e.StandardJMeterEngine: All thread groups have been started
2026-08-17 11:14:43,776 INFO o.a.j.t.JMeterThread: Thread started: Load Test - 10 VUsers 1-1
2026-08-17 11:14:43,780 INFO o.a.j.s.FileServer: Stored: test_data_checkout.csv
2026-08-17 11:14:43,824 INFO o.a.j.s.FileServer: Stored: test_data_products.csv
2026-08-17 11:14:43,826 INFO o.a.j.s.FileServer: Stored: test_data_users.csv
2026-08-17 11:14:44,991 INFO o.a.j.p.h.s.HTTPHCAbstractImpl: Local host = WINDOWS-PC
2026-08-17 11:14:45,004 INFO o.a.j.p.h.s.HTTPHC4Impl: HTTP request retry count = 0
2026-08-17 11:14:45,005 INFO o.a.j.s.SampleResult: Note: Sample TimeStamps are START times
2026-08-17 11:14:45,006 INFO o.a.j.s.SampleResult: sampleresult.default.encoding is set to UTF-8
2026-08-17 11:14:45,006 INFO o.a.j.s.SampleResult: sampleresult.useNanoTime=true
2026-08-17 11:14:45,006 INFO o.a.j.s.SampleResult: sampleresult.nanoThreadSleep=5000
2026-08-17 11:14:49,766 INFO o.a.j.t.JMeterThread: Thread started: Load Test - 10 VUsers 1-2
2026-08-17 11:14:55,763 INFO o.a.j.t.JMeterThread: Thread started: Load Test - 10 VUsers 1-3
2026-08-17 11:15:00,371 INFO o.a.j.r.Summariser: summary +     15 in 00:00:17 =    0.9/s Avg:    10 Min:     1 Max:   123 Err:     6 (40.00%) Active: 3 Started: 3 Finished: 0
2026-08-17 11:15:01,755 INFO o.a.j.t.JMeterThread: Thread started: Load Test - 10 VUsers 1-4
2026-08-17 11:15:07,758 INFO o.a.j.t.JMeterThread: Thread started: Load Test - 10 VUsers 1-5
2026-08-17 11:15:13,754 INFO o.a.j.t.JMeterThread: Thread started: Load Test - 10 VUsers 1-6
2026-08-17 11:15:19,752 INFO o.a.j.t.JMeterThread: Thread started: Load Test - 10 VUsers 1-7
2026-08-17 11:15:25,751 INFO o.a.j.t.JMeterThread: Thread started: Load Test - 10 VUsers 1-8
2026-08-17 11:15:30,243 INFO o.a.j.r.Summariser: summary +     80 in 00:00:30 =    2.7/s Avg:     1 Min:     1 Max:     4 Err:    42 (52.50%) Active: 8 Started: 8 Finished: 0
2026-08-17 11:15:30,243 INFO o.a.j.r.Summariser: summary =     95 in 00:00:47 =    2.0/s Avg:     3 Min:     1 Max:   123 Err:    48 (50.53%)
2026-08-17 11:15:31,742 INFO o.a.j.t.JMeterThread: Thread started: Load Test - 10 VUsers 1-9
2026-08-17 11:15:37,741 INFO o.a.j.t.JMeterThread: Thread started: Load Test - 10 VUsers 1-10
2026-08-17 11:16:00,552 INFO o.a.j.r.Summariser: summary +    147 in 00:00:30 =    4.9/s Avg:     1 Min:     1 Max:     5 Err:    80 (54.42%) Active: 10 Started: 10 Finished: 0
2026-08-17 11:16:00,553 INFO o.a.j.r.Summariser: summary =    242 in 00:01:17 =    3.1/s Avg:     2 Min:     1 Max:   123 Err:   128 (52.89%)
2026-08-17 11:16:30,055 INFO o.a.j.r.Summariser: summary +    148 in 00:00:30 =    5.0/s Avg:     1 Min:     1 Max:     4 Err:    83 (56.08%) Active: 10 Started: 10 Finished: 0
2026-08-17 11:16:30,056 INFO o.a.j.r.Summariser: summary =    390 in 00:01:47 =    3.7/s Avg:     2 Min:     1 Max:   123 Err:   211 (54.10%)
2026-08-17 11:17:00,187 INFO o.a.j.r.Summariser: summary +    148 in 00:00:30 =    4.9/s Avg:     1 Min:     1 Max:     3 Err:    82 (55.41%) Active: 10 Started: 10 Finished: 0
2026-08-17 11:17:00,187 INFO o.a.j.r.Summariser: summary =    538 in 00:02:17 =    3.9/s Avg:     1 Min:     1 Max:   123 Err:   293 (54.46%)
2026-08-17 11:17:30,055 INFO o.a.j.r.Summariser: summary +    148 in 00:00:30 =    5.0/s Avg:     1 Min:     1 Max:     4 Err:    82 (55.41%) Active: 10 Started: 10 Finished: 0
2026-08-17 11:17:30,056 INFO o.a.j.r.Summariser: summary =    686 in 00:02:47 =    4.1/s Avg:     1 Min:     1 Max:   123 Err:   375 (54.66%)
2026-08-17 11:18:00,068 INFO o.a.j.r.Summariser: summary +    149 in 00:00:30 =    5.0/s Avg:     1 Min:     1 Max:     4 Err:    78 (52.35%) Active: 10 Started: 10 Finished: 0
2026-08-17 11:18:00,068 INFO o.a.j.r.Summariser: summary =    835 in 00:03:17 =    4.2/s Avg:     1 Min:     1 Max:   123 Err:   453 (54.25%)
2026-08-17 11:18:30,322 INFO o.a.j.r.Summariser: summary +    149 in 00:00:30 =    4.9/s Avg:     1 Min:     1 Max:     3 Err:    91 (61.07%) Active: 10 Started: 10 Finished: 0
2026-08-17 11:18:30,322 INFO o.a.j.r.Summariser: summary =    984 in 00:03:47 =    4.3/s Avg:     1 Min:     1 Max:   123 Err:   544 (55.28%)
2026-08-17 11:18:41,297 INFO o.a.j.t.JMeterThread: Thread finished: Load Test - 10 VUsers 1-2
2026-08-17 11:18:41,921 INFO o.a.j.t.JMeterThread: Thread finished: Load Test - 10 VUsers 1-1
2026-08-17 11:18:42,376 INFO o.a.j.t.JMeterThread: Thread finished: Load Test - 10 VUsers 1-9
2026-08-17 11:18:42,693 INFO o.a.j.t.JMeterThread: Thread finished: Load Test - 10 VUsers 1-8
2026-08-17 11:18:42,719 INFO o.a.j.t.JMeterThread: Thread finished: Load Test - 10 VUsers 1-6
2026-08-17 11:18:42,849 INFO o.a.j.t.JMeterThread: Thread finished: Load Test - 10 VUsers 1-4
2026-08-17 11:18:42,963 INFO o.a.j.t.JMeterThread: Thread finished: Load Test - 10 VUsers 1-5
2026-08-17 11:18:43,022 INFO o.a.j.t.JMeterThread: Thread finished: Load Test - 10 VUsers 1-3
2026-08-17 11:18:43,131 INFO o.a.j.t.JMeterThread: Thread finished: Load Test - 10 VUsers 1-10
2026-08-17 11:18:43,280 INFO o.a.j.t.JMeterThread: Thread finished: Load Test - 10 VUsers 1-7
2026-08-17 11:18:43,281 INFO o.a.j.e.StandardJMeterEngine: Notifying test listeners of end of test
2026-08-17 11:18:43,281 INFO o.a.j.s.FileServer: Close: test_data_users.csv
2026-08-17 11:18:43,281 INFO o.a.j.s.FileServer: Close: test_data_products.csv
2026-08-17 11:18:43,281 INFO o.a.j.s.FileServer: Close: test_data_checkout.csv
2026-08-17 11:18:43,282 INFO o.a.j.r.Summariser: summary +     68 in 00:00:13 =    5.2/s Avg:     1 Min:     1 Max:     3 Err:    35 (51.47%) Active: 0 Started: 10 Finished: 10
2026-08-17 11:18:43,283 INFO o.a.j.r.Summariser: summary =   1052 in 00:04:00 =    4.4/s Avg:     1 Min:     1 Max:   123 Err:   579 (55.04%)
2026-08-17 11:18:43,283 INFO o.a.j.JMeter: Generating Dashboard
2026-08-17 11:18:43,283 INFO o.a.j.r.d.ReportGenerator: Flushing result collector before report Generation
2026-08-17 11:18:43,293 INFO o.a.j.r.p.NormalizerSampleConsumer: Using format, 'ms', to parse timeStamp field
2026-08-17 11:18:44,004 INFO o.a.j.r.p.AbstractSampleConsumer: class org.apache.jmeter.report.processor.AggregateConsumer#stopProducing(): beginDate produced 0 samples
2026-08-17 11:18:44,004 INFO o.a.j.r.p.AbstractSampleConsumer: class org.apache.jmeter.report.processor.AggregateConsumer#stopProducing(): endDate produced 0 samples
2026-08-17 11:18:44,011 INFO o.a.j.r.p.AbstractSampleConsumer: class org.apache.jmeter.report.processor.ApdexSummaryConsumer#stopProducing(): apdexSummary produced 0 samples
2026-08-17 11:18:44,011 INFO o.a.j.r.p.AbstractSampleConsumer: class org.apache.jmeter.report.processor.RequestsSummaryConsumer#stopProducing(): requestsSummary produced 0 samples
2026-08-17 11:18:44,023 INFO o.a.j.r.p.AbstractSampleConsumer: class org.apache.jmeter.report.processor.StatisticsSummaryConsumer#stopProducing(): statisticsSummary produced 0 samples
2026-08-17 11:18:44,033 INFO o.a.j.r.p.AbstractSampleConsumer: class org.apache.jmeter.report.processor.Top5ErrorsBySamplerConsumer#stopProducing(): top5ErrorsBySampler produced 0 samples
2026-08-17 11:18:44,033 INFO o.a.j.r.p.AbstractSampleConsumer: class org.apache.jmeter.report.processor.ErrorsSummaryConsumer#stopProducing(): errorsSummary produced 0 samples
2026-08-17 11:18:44,033 INFO o.a.j.r.p.AbstractSampleConsumer: class org.apache.jmeter.report.processor.graph.impl.HitsPerSecondGraphConsumer#stopProducing(): hitsPerSecond produced 0 samples
2026-08-17 11:18:44,073 INFO o.a.j.r.p.AbstractSampleConsumer: class org.apache.jmeter.report.processor.graph.impl.LatencyVSRequestGraphConsumer#stopProducing(): latencyVsRequest produced 0 samples
2026-08-17 11:18:44,074 INFO o.a.j.r.p.AbstractSampleConsumer: class org.apache.jmeter.report.processor.graph.impl.SyntheticResponseTimeDistributionGraphConsumer#stopProducing(): syntheticResponseTimeDistribution produced 0 samples
2026-08-17 11:18:44,074 INFO o.a.j.r.p.AbstractSampleConsumer: class org.apache.jmeter.report.processor.graph.impl.BytesThroughputGraphConsumer#stopProducing(): bytesThroughputOverTime produced 0 samples
2026-08-17 11:18:44,074 INFO o.a.j.r.p.AbstractSampleConsumer: class org.apache.jmeter.report.processor.graph.impl.CodesPerSecondGraphConsumer#stopProducing(): codesPerSecond produced 0 samples
2026-08-17 11:18:44,096 INFO o.a.j.r.p.AbstractSampleConsumer: class org.apache.jmeter.report.processor.graph.impl.ResponseTimeVSRequestGraphConsumer#stopProducing(): responseTimeVsRequest produced 0 samples
2026-08-17 11:18:44,097 INFO o.a.j.r.p.AbstractSampleConsumer: class org.apache.jmeter.report.processor.FilterConsumer#stopProducing(): startIntervalControlerFilter produced 7364 samples
2026-08-17 11:18:44,098 INFO o.a.j.r.p.AbstractSampleConsumer: class org.apache.jmeter.report.processor.graph.impl.TotalTPSGraphConsumer#stopProducing(): totalTPS produced 0 samples
2026-08-17 11:18:44,099 INFO o.a.j.r.p.AbstractSampleConsumer: class org.apache.jmeter.report.processor.graph.impl.ActiveThreadsGraphConsumer#stopProducing(): activeThreadsOverTime produced 0 samples
2026-08-17 11:18:44,100 INFO o.a.j.r.p.AbstractSampleConsumer: class org.apache.jmeter.report.processor.graph.impl.TimeVSThreadGraphConsumer#stopProducing(): timeVsThreads produced 0 samples
2026-08-17 11:18:44,103 INFO o.a.j.r.p.AbstractSampleConsumer: class org.apache.jmeter.report.processor.graph.impl.ResponseTimeDistributionGraphConsumer#stopProducing(): responseTimeDistribution produced 0 samples
2026-08-17 11:18:44,104 INFO o.a.j.r.p.AbstractSampleConsumer: class org.apache.jmeter.report.processor.graph.impl.TransactionsPerSecondGraphConsumer#stopProducing(): transactionsPerSecond produced 0 samples
2026-08-17 11:18:44,104 INFO o.a.j.r.p.AbstractSampleConsumer: class org.apache.jmeter.report.processor.graph.impl.ResponseTimePercentilesGraphConsumer#stopProducing(): responseTimePercentiles produced 0 samples
2026-08-17 11:18:44,113 INFO o.a.j.r.p.AbstractSampleConsumer: class org.apache.jmeter.report.processor.graph.impl.ResponseTimePercentilesOverTimeGraphConsumer#stopProducing(): responseTimePercentilesOverTime produced 0 samples
2026-08-17 11:18:44,116 INFO o.a.j.r.p.AbstractSampleConsumer: class org.apache.jmeter.report.processor.graph.impl.ResponseTimeOverTimeGraphConsumer#stopProducing(): responseTimesOverTime produced 0 samples
2026-08-17 11:18:44,117 INFO o.a.j.r.p.AbstractSampleConsumer: class org.apache.jmeter.report.processor.graph.impl.ConnectTimeOverTimeGraphConsumer#stopProducing(): connectTimeOverTime produced 0 samples
2026-08-17 11:18:44,117 INFO o.a.j.r.p.AbstractSampleConsumer: class org.apache.jmeter.report.processor.graph.impl.LatencyOverTimeGraphConsumer#stopProducing(): latenciesOverTime produced 0 samples
2026-08-17 11:18:44,117 INFO o.a.j.r.p.AbstractSampleConsumer: class org.apache.jmeter.report.processor.FilterConsumer#stopProducing(): nameFilter produced 15780 samples
2026-08-17 11:18:44,117 INFO o.a.j.r.p.AbstractSampleConsumer: class org.apache.jmeter.report.processor.FilterConsumer#stopProducing(): dateRangeFilter produced 3156 samples
2026-08-17 11:18:44,117 INFO o.a.j.r.p.AbstractSampleConsumer: class org.apache.jmeter.report.processor.NormalizerSampleConsumer#stopProducing(): normalizer produced 1052 samples
2026-08-17 11:18:44,119 INFO o.a.j.r.p.CsvFileSampleSource: produce(): 1052 samples produced in 786ms on channel 0
2026-08-17 11:18:44,120 INFO o.a.j.r.d.ReportGenerator: Exporting data using exporter:'json' of className:'org.apache.jmeter.report.dashboard.JsonExporter'
2026-08-17 11:18:44,257 INFO o.a.j.r.d.JsonExporter: Found data for consumer statisticsSummary?in context
2026-08-17 11:18:44,257 INFO o.a.j.r.d.JsonExporter: Creating statistics for overall
2026-08-17 11:18:44,258 INFO o.a.j.r.d.JsonExporter: Creating statistics for other transactions
2026-08-17 11:18:44,258 INFO o.a.j.r.d.JsonExporter: Checking output folder
2026-08-17 11:18:44,259 INFO o.a.j.r.d.JsonExporter: Writing statistics JSON to D:\daihoc\HK3-2026\26-KIEM-THU\hw\hw2\group\eshop-sut\hw05\submit\task1\load\.\23127296_Load_20260815_html\statistics.json
2026-08-17 11:18:44,311 INFO o.a.j.r.d.ReportGenerator: Exporting data using exporter:'html' of className:'org.apache.jmeter.report.dashboard.HtmlTemplateExporter'
2026-08-17 11:18:44,315 INFO o.a.j.r.d.HtmlTemplateExporter: Will generate dashboard in folder: D:\daihoc\HK3-2026\26-KIEM-THU\hw\hw2\group\eshop-sut\hw05\submit\task1\load\.\23127296_Load_20260815_html
2026-08-17 11:18:44,527 INFO o.a.j.r.d.HtmlTemplateExporter: Report will be generated in: D:\daihoc\HK3-2026\26-KIEM-THU\hw\hw2\group\eshop-sut\hw05\submit\task1\load\.\23127296_Load_20260815_html, creating folder structure
2026-08-17 11:18:44,532 INFO o.a.j.r.d.TemplateVisitor: Copying folder from 'D:\programs\apache-jmeter-5.6.3\bin\report-template' to 'D:\daihoc\HK3-2026\26-KIEM-THU\hw\hw2\group\eshop-sut\hw05\submit\task1\load\.\23127296_Load_20260815_html', got message: D:\daihoc\HK3-2026\26-KIEM-THU\hw\hw2\group\eshop-sut\hw05\submit\task1\load\.\23127296_Load_20260815_html, found non empty folder with following content [D:\daihoc\HK3-2026\26-KIEM-THU\hw\hw2\group\eshop-sut\hw05\submit\task1\load\.\23127296_Load_20260815_html\statistics.json], will be ignored
2026-08-17 11:18:45,192 INFO o.a.j.JMeter: Dashboard generated
