2026-08-17 08:14:40,353 INFO o.a.j.u.JMeterUtils: Setting Locale to en_EN
2026-08-17 08:14:40,366 INFO o.a.j.JMeter: Loading user properties from: D:\programs\apache-jmeter-5.6.3\bin\user.properties
2026-08-17 08:14:40,379 INFO o.a.j.JMeter: Loading system properties from: D:\programs\apache-jmeter-5.6.3\bin\system.properties
2026-08-17 08:14:40,387 INFO o.a.j.JMeter: Copyright (c) 1998-2024 The Apache Software Foundation
2026-08-17 08:14:40,387 INFO o.a.j.JMeter: Version 5.6.3
2026-08-17 08:14:40,387 INFO o.a.j.JMeter: java.version=1.8.0_471
2026-08-17 08:14:40,387 INFO o.a.j.JMeter: java.vm.name=Java HotSpot(TM) 64-Bit Server VM
2026-08-17 08:14:40,387 INFO o.a.j.JMeter: os.name=Windows 11
2026-08-17 08:14:40,387 INFO o.a.j.JMeter: os.arch=amd64
2026-08-17 08:14:40,387 INFO o.a.j.JMeter: os.version=10.0
2026-08-17 08:14:40,388 INFO o.a.j.JMeter: file.encoding=MS932
2026-08-17 08:14:40,388 INFO o.a.j.JMeter: java.awt.headless=true
2026-08-17 08:14:40,388 INFO o.a.j.JMeter: Max memory     =1073741824
2026-08-17 08:14:40,388 INFO o.a.j.JMeter: Available Processors =8
2026-08-17 08:14:40,396 INFO o.a.j.JMeter: Default Locale=English (EN)
2026-08-17 08:14:40,396 INFO o.a.j.JMeter: JMeter  Locale=English (EN)
2026-08-17 08:14:40,396 INFO o.a.j.JMeter: JMeterHome=D:\programs\apache-jmeter-5.6.3
2026-08-17 08:14:40,396 INFO o.a.j.JMeter: user.dir  =D:\daihoc\HK3-2026\26-KIEM-THU\hw\hw2\group\eshop-sut\hw05\submit\task1\spike
2026-08-17 08:14:40,396 INFO o.a.j.JMeter: PWD       =D:\daihoc\HK3-2026\26-KIEM-THU\hw\hw2\group\eshop-sut\hw05\submit\task1\spike
2026-08-17 08:14:40,401 INFO o.a.j.JMeter: IP: 172.20.10.2 Name: WINDOWS-PC FullName: WINDOWS-PC
2026-08-17 08:14:40,424 INFO o.a.j.JMeter: Setting property 'jmeter.reportgenerator.outputdir' to:'D:\daihoc\HK3-2026\26-KIEM-THU\hw\hw2\group\eshop-sut\hw05\submit\task1\spike\23127296_Spike_20260815_html'
2026-08-17 08:14:40,428 INFO o.a.j.s.FileServer: Default base='D:\daihoc\HK3-2026\26-KIEM-THU\hw\hw2\group\eshop-sut\hw05\submit\task1\spike'
2026-08-17 08:14:40,431 INFO o.a.j.s.FileServer: Set new base='D:\daihoc\HK3-2026\26-KIEM-THU\hw\hw2\group\eshop-sut\hw05\submit\task1\spike'
2026-08-17 08:14:40,576 INFO o.a.j.s.SaveService: Testplan (JMX) version: 2.2. Testlog (JTL) version: 2.2
2026-08-17 08:14:40,618 INFO o.a.j.s.SaveService: Using SaveService properties file encoding UTF-8
2026-08-17 08:14:40,624 INFO o.a.j.s.SaveService: Using SaveService properties version 5.0
2026-08-17 08:14:40,631 INFO o.a.j.s.SaveService: Loading file: 23127296_Spike_20260815.jmx
2026-08-17 08:14:40,707 INFO o.a.j.p.h.s.HTTPSamplerBase: Parser for text/html is org.apache.jmeter.protocol.http.parser.LagartoBasedHtmlParser
2026-08-17 08:14:40,707 INFO o.a.j.p.h.s.HTTPSamplerBase: Parser for application/xhtml+xml is org.apache.jmeter.protocol.http.parser.LagartoBasedHtmlParser
2026-08-17 08:14:40,707 INFO o.a.j.p.h.s.HTTPSamplerBase: Parser for application/xml is org.apache.jmeter.protocol.http.parser.LagartoBasedHtmlParser
2026-08-17 08:14:40,707 INFO o.a.j.p.h.s.HTTPSamplerBase: Parser for text/xml is org.apache.jmeter.protocol.http.parser.LagartoBasedHtmlParser
2026-08-17 08:14:40,707 INFO o.a.j.p.h.s.HTTPSamplerBase: Parser for text/vnd.wap.wml is org.apache.jmeter.protocol.http.parser.RegexpHTMLParser
2026-08-17 08:14:40,707 INFO o.a.j.p.h.s.HTTPSamplerBase: Parser for text/css is org.apache.jmeter.protocol.http.parser.CssParser
2026-08-17 08:14:40,965 INFO o.a.j.JMeter: Creating summariser <summary>
2026-08-17 08:14:40,969 INFO o.a.j.r.d.ReportGenerator: ReportGenerator will use for Parsing the separator: ','
2026-08-17 08:14:40,969 INFO o.a.j.r.d.ReportGenerator: Will generate report at end of test from  results file: 23127296_Spike_20260815.jtl
2026-08-17 08:14:40,969 INFO o.a.j.r.d.ReportGenerator: Reading report generator properties from: D:\programs\apache-jmeter-5.6.3\bin\reportgenerator.properties
2026-08-17 08:14:40,982 INFO o.a.j.r.d.ReportGenerator: Merging with JMeter properties
2026-08-17 08:14:40,989 INFO o.a.j.r.c.ReportGeneratorConfiguration: Property 'jmeter.reportgenerator.temp_dir' not found, using default value 'temp' instead.
2026-08-17 08:14:40,991 INFO o.a.j.r.c.ReportGeneratorConfiguration: Property 'jmeter.reportgenerator.apdex_per_transaction' not found, using default value 'null' instead.
2026-08-17 08:14:40,991 INFO o.a.j.r.c.ReportGeneratorConfiguration: apdex_per_transaction is empty, not APDEX per transaction customization
2026-08-17 08:14:40,992 INFO o.a.j.r.c.ReportGeneratorConfiguration: Property 'jmeter.reportgenerator.sample_filter' not found, using default value 'null' instead.
2026-08-17 08:14:40,992 INFO o.a.j.r.c.ReportGeneratorConfiguration: Property 'jmeter.reportgenerator.report_title' not found, using default value 'null' instead.
2026-08-17 08:14:40,992 INFO o.a.j.r.c.ReportGeneratorConfiguration: Property 'jmeter.reportgenerator.start_date' not found, using default value 'null' instead.
2026-08-17 08:14:40,992 INFO o.a.j.r.c.ReportGeneratorConfiguration: Property 'jmeter.reportgenerator.end_date' not found, using default value 'null' instead.
2026-08-17 08:14:40,992 INFO o.a.j.r.c.ReportGeneratorConfiguration: Property 'jmeter.reportgenerator.date_format' not found, using default value 'null' instead.
2026-08-17 08:14:40,992 INFO o.a.j.r.c.ReportGeneratorConfiguration: Will use date range start date: null, end date: null
2026-08-17 08:14:40,996 INFO o.a.j.r.c.ReportGeneratorConfiguration: Property 'jmeter.reportgenerator.graph.totalTPS.exclude_controllers' not found, using default value 'false' instead.
2026-08-17 08:14:40,997 INFO o.a.j.r.c.ReportGeneratorConfiguration: Property 'jmeter.reportgenerator.graph.activeThreadsOverTime.exclude_controllers' not found, using default value 'false' instead.
2026-08-17 08:14:40,997 INFO o.a.j.r.c.ReportGeneratorConfiguration: Property 'jmeter.reportgenerator.graph.timeVsThreads.exclude_controllers' not found, using default value 'false' instead.
2026-08-17 08:14:40,997 INFO o.a.j.r.c.ReportGeneratorConfiguration: Property 'jmeter.reportgenerator.graph.responseTimeDistribution.exclude_controllers' not found, using default value 'false' instead.
2026-08-17 08:14:40,997 INFO o.a.j.r.c.ReportGeneratorConfiguration: Property 'jmeter.reportgenerator.graph.transactionsPerSecond.exclude_controllers' not found, using default value 'false' instead.
2026-08-17 08:14:40,997 INFO o.a.j.r.c.ReportGeneratorConfiguration: Property 'jmeter.reportgenerator.graph.responseTimePercentiles.exclude_controllers' not found, using default value 'false' instead.
2026-08-17 08:14:40,997 INFO o.a.j.r.c.ReportGeneratorConfiguration: Property 'jmeter.reportgenerator.graph.responseTimePercentilesOverTime.exclude_controllers' not found, using default value 'false' instead.
2026-08-17 08:14:40,997 INFO o.a.j.r.c.ReportGeneratorConfiguration: Property 'jmeter.reportgenerator.graph.responseTimesOverTime.exclude_controllers' not found, using default value 'false' instead.
2026-08-17 08:14:40,997 INFO o.a.j.r.c.ReportGeneratorConfiguration: Property 'jmeter.reportgenerator.graph.connectTimeOverTime.exclude_controllers' not found, using default value 'false' instead.
2026-08-17 08:14:40,998 INFO o.a.j.r.c.ReportGeneratorConfiguration: Property 'jmeter.reportgenerator.graph.latenciesOverTime.exclude_controllers' not found, using default value 'false' instead.
2026-08-17 08:14:40,999 INFO o.a.j.r.c.ReportGeneratorConfiguration: Property 'jmeter.reportgenerator.exporter.json.filters_only_sample_series' not found, using default value 'true' instead.
2026-08-17 08:14:40,999 INFO o.a.j.r.c.ReportGeneratorConfiguration: Property 'jmeter.reportgenerator.exporter.json.series_filter' not found, using default value '' instead.
2026-08-17 08:14:40,999 INFO o.a.j.r.c.ReportGeneratorConfiguration: Property 'jmeter.reportgenerator.exporter.json.show_controllers_only' not found, using default value 'false' instead.
2026-08-17 08:14:40,999 INFO o.a.j.r.c.ReportGeneratorConfiguration: Property 'jmeter.reportgenerator.exporter.html.filters_only_sample_series' not found, using default value 'true' instead.
2026-08-17 08:14:41,000 INFO o.a.j.r.c.ReportGeneratorConfiguration: Property 'jmeter.reportgenerator.exporter.html.series_filter' not found, using default value '' instead.
2026-08-17 08:14:41,000 INFO o.a.j.r.c.ReportGeneratorConfiguration: Property 'jmeter.reportgenerator.exporter.html.show_controllers_only' not found, using default value 'false' instead.
2026-08-17 08:14:41,010 INFO o.a.j.e.StandardJMeterEngine: Running the test!
2026-08-17 08:14:41,012 INFO o.a.j.s.SampleEvent: List of sample_variables: []
2026-08-17 08:14:41,012 INFO o.a.j.s.SampleEvent: List of sample_variables: []
2026-08-17 08:14:41,019 INFO o.a.j.e.u.CompoundVariable: Note: Function class names must contain the string: '.functions.'
2026-08-17 08:14:41,019 INFO o.a.j.e.u.CompoundVariable: Note: Function class names must not contain the string: '.gui.'
2026-08-17 08:14:41,303 INFO o.a.j.JMeter: Running test (1786929281302)
2026-08-17 08:14:41,361 INFO o.a.j.e.StandardJMeterEngine: Starting ThreadGroup: 1 : Spike Test - 100 VUsers Burst
2026-08-17 08:14:41,361 INFO o.a.j.e.StandardJMeterEngine: Starting 100 threads for group Spike Test - 100 VUsers Burst.
2026-08-17 08:14:41,361 INFO o.a.j.e.StandardJMeterEngine: Thread will continue on error
2026-08-17 08:14:41,361 INFO o.a.j.t.ThreadGroup: Starting thread group... number=1 threads=100 ramp-up=5 delayedStart=false
2026-08-17 08:14:41,493 INFO o.a.j.t.ThreadGroup: Started thread group number 1
2026-08-17 08:14:41,493 INFO o.a.j.e.StandardJMeterEngine: All thread groups have been started
2026-08-17 08:14:41,706 INFO o.a.j.t.JMeterThread: Thread started: Spike Test - 100 VUsers Burst 1-1
2026-08-17 08:14:41,708 INFO o.a.j.s.FileServer: Stored: test_data_checkout.csv
2026-08-17 08:14:41,740 INFO o.a.j.s.FileServer: Stored: test_data_products.csv
2026-08-17 08:14:41,741 INFO o.a.j.s.FileServer: Stored: test_data_users.csv
2026-08-17 08:14:41,751 INFO o.a.j.t.JMeterThread: Thread started: Spike Test - 100 VUsers Burst 1-2
2026-08-17 08:14:41,798 INFO o.a.j.t.JMeterThread: Thread started: Spike Test - 100 VUsers Burst 1-3
2026-08-17 08:14:41,848 INFO o.a.j.t.JMeterThread: Thread started: Spike Test - 100 VUsers Burst 1-4
2026-08-17 08:14:41,895 INFO o.a.j.t.JMeterThread: Thread started: Spike Test - 100 VUsers Burst 1-5
2026-08-17 08:14:41,948 INFO o.a.j.t.JMeterThread: Thread started: Spike Test - 100 VUsers Burst 1-6
2026-08-17 08:14:41,993 INFO o.a.j.t.JMeterThread: Thread started: Spike Test - 100 VUsers Burst 1-7
2026-08-17 08:14:42,046 INFO o.a.j.t.JMeterThread: Thread started: Spike Test - 100 VUsers Burst 1-8
2026-08-17 08:14:42,093 INFO o.a.j.t.JMeterThread: Thread started: Spike Test - 100 VUsers Burst 1-9
2026-08-17 08:14:42,140 INFO o.a.j.t.JMeterThread: Thread started: Spike Test - 100 VUsers Burst 1-10
2026-08-17 08:14:42,184 INFO o.a.j.t.JMeterThread: Thread started: Spike Test - 100 VUsers Burst 1-11
2026-08-17 08:14:42,237 INFO o.a.j.t.JMeterThread: Thread started: Spike Test - 100 VUsers Burst 1-12
2026-08-17 08:14:42,282 INFO o.a.j.t.JMeterThread: Thread started: Spike Test - 100 VUsers Burst 1-13
2026-08-17 08:14:42,334 INFO o.a.j.t.JMeterThread: Thread started: Spike Test - 100 VUsers Burst 1-14
2026-08-17 08:14:42,384 INFO o.a.j.t.JMeterThread: Thread started: Spike Test - 100 VUsers Burst 1-15
2026-08-17 08:14:42,431 INFO o.a.j.t.JMeterThread: Thread started: Spike Test - 100 VUsers Burst 1-16
2026-08-17 08:14:42,474 INFO o.a.j.t.JMeterThread: Thread started: Spike Test - 100 VUsers Burst 1-17
2026-08-17 08:14:42,522 INFO o.a.j.t.JMeterThread: Thread started: Spike Test - 100 VUsers Burst 1-18
2026-08-17 08:14:42,568 INFO o.a.j.t.JMeterThread: Thread started: Spike Test - 100 VUsers Burst 1-19
2026-08-17 08:14:42,617 INFO o.a.j.t.JMeterThread: Thread started: Spike Test - 100 VUsers Burst 1-20
2026-08-17 08:14:42,668 INFO o.a.j.t.JMeterThread: Thread started: Spike Test - 100 VUsers Burst 1-21
2026-08-17 08:14:42,714 INFO o.a.j.t.JMeterThread: Thread started: Spike Test - 100 VUsers Burst 1-22
2026-08-17 08:14:42,768 INFO o.a.j.t.JMeterThread: Thread started: Spike Test - 100 VUsers Burst 1-23
2026-08-17 08:14:42,815 INFO o.a.j.t.JMeterThread: Thread started: Spike Test - 100 VUsers Burst 1-24
2026-08-17 08:14:42,869 INFO o.a.j.t.JMeterThread: Thread started: Spike Test - 100 VUsers Burst 1-25
2026-08-17 08:14:42,916 INFO o.a.j.t.JMeterThread: Thread started: Spike Test - 100 VUsers Burst 1-26
2026-08-17 08:14:42,965 INFO o.a.j.t.JMeterThread: Thread started: Spike Test - 100 VUsers Burst 1-27
2026-08-17 08:14:43,012 INFO o.a.j.t.JMeterThread: Thread started: Spike Test - 100 VUsers Burst 1-28
2026-08-17 08:14:43,029 INFO o.a.j.p.h.s.HTTPHCAbstractImpl: Local host = WINDOWS-PC
2026-08-17 08:14:43,039 INFO o.a.j.p.h.s.HTTPHC4Impl: HTTP request retry count = 0
2026-08-17 08:14:43,041 INFO o.a.j.s.SampleResult: Note: Sample TimeStamps are START times
2026-08-17 08:14:43,041 INFO o.a.j.s.SampleResult: sampleresult.default.encoding is set to UTF-8
2026-08-17 08:14:43,041 INFO o.a.j.s.SampleResult: sampleresult.useNanoTime=true
2026-08-17 08:14:43,041 INFO o.a.j.s.SampleResult: sampleresult.nanoThreadSleep=5000
2026-08-17 08:14:43,066 INFO o.a.j.t.JMeterThread: Thread started: Spike Test - 100 VUsers Burst 1-29
2026-08-17 08:14:43,115 INFO o.a.j.t.JMeterThread: Thread started: Spike Test - 100 VUsers Burst 1-30
2026-08-17 08:14:43,164 INFO o.a.j.t.JMeterThread: Thread started: Spike Test - 100 VUsers Burst 1-31
2026-08-17 08:14:43,210 INFO o.a.j.t.JMeterThread: Thread started: Spike Test - 100 VUsers Burst 1-32
2026-08-17 08:14:43,258 INFO o.a.j.t.JMeterThread: Thread started: Spike Test - 100 VUsers Burst 1-33
2026-08-17 08:14:43,310 INFO o.a.j.t.JMeterThread: Thread started: Spike Test - 100 VUsers Burst 1-34
2026-08-17 08:14:43,358 INFO o.a.j.t.JMeterThread: Thread started: Spike Test - 100 VUsers Burst 1-35
2026-08-17 08:14:43,404 INFO o.a.j.t.JMeterThread: Thread started: Spike Test - 100 VUsers Burst 1-36
2026-08-17 08:14:43,454 INFO o.a.j.t.JMeterThread: Thread started: Spike Test - 100 VUsers Burst 1-37
2026-08-17 08:14:43,506 INFO o.a.j.t.JMeterThread: Thread started: Spike Test - 100 VUsers Burst 1-38
2026-08-17 08:14:43,547 INFO o.a.j.t.JMeterThread: Thread started: Spike Test - 100 VUsers Burst 1-39
2026-08-17 08:14:43,604 INFO o.a.j.t.JMeterThread: Thread started: Spike Test - 100 VUsers Burst 1-40
2026-08-17 08:14:43,651 INFO o.a.j.t.JMeterThread: Thread started: Spike Test - 100 VUsers Burst 1-41
2026-08-17 08:14:43,700 INFO o.a.j.t.JMeterThread: Thread started: Spike Test - 100 VUsers Burst 1-42
2026-08-17 08:14:43,749 INFO o.a.j.t.JMeterThread: Thread started: Spike Test - 100 VUsers Burst 1-43
2026-08-17 08:14:43,801 INFO o.a.j.t.JMeterThread: Thread started: Spike Test - 100 VUsers Burst 1-44
2026-08-17 08:14:43,844 INFO o.a.j.t.JMeterThread: Thread started: Spike Test - 100 VUsers Burst 1-45
2026-08-17 08:14:43,894 INFO o.a.j.t.JMeterThread: Thread started: Spike Test - 100 VUsers Burst 1-46
2026-08-17 08:14:43,944 INFO o.a.j.t.JMeterThread: Thread started: Spike Test - 100 VUsers Burst 1-47
2026-08-17 08:14:43,995 INFO o.a.j.t.JMeterThread: Thread started: Spike Test - 100 VUsers Burst 1-48
2026-08-17 08:14:44,043 INFO o.a.j.t.JMeterThread: Thread started: Spike Test - 100 VUsers Burst 1-49
2026-08-17 08:14:44,096 INFO o.a.j.t.JMeterThread: Thread started: Spike Test - 100 VUsers Burst 1-50
2026-08-17 08:14:44,146 INFO o.a.j.t.JMeterThread: Thread started: Spike Test - 100 VUsers Burst 1-51
2026-08-17 08:14:44,189 INFO o.a.j.t.JMeterThread: Thread started: Spike Test - 100 VUsers Burst 1-52
2026-08-17 08:14:44,242 INFO o.a.j.t.JMeterThread: Thread started: Spike Test - 100 VUsers Burst 1-53
2026-08-17 08:14:44,291 INFO o.a.j.t.JMeterThread: Thread started: Spike Test - 100 VUsers Burst 1-54
2026-08-17 08:14:44,343 INFO o.a.j.t.JMeterThread: Thread started: Spike Test - 100 VUsers Burst 1-55
2026-08-17 08:14:44,392 INFO o.a.j.t.JMeterThread: Thread started: Spike Test - 100 VUsers Burst 1-56
2026-08-17 08:14:44,441 INFO o.a.j.t.JMeterThread: Thread started: Spike Test - 100 VUsers Burst 1-57
2026-08-17 08:14:44,491 INFO o.a.j.t.JMeterThread: Thread started: Spike Test - 100 VUsers Burst 1-58
2026-08-17 08:14:44,542 INFO o.a.j.t.JMeterThread: Thread started: Spike Test - 100 VUsers Burst 1-59
2026-08-17 08:14:44,591 INFO o.a.j.t.JMeterThread: Thread started: Spike Test - 100 VUsers Burst 1-60
2026-08-17 08:14:44,639 INFO o.a.j.t.JMeterThread: Thread started: Spike Test - 100 VUsers Burst 1-61
2026-08-17 08:14:44,691 INFO o.a.j.t.JMeterThread: Thread started: Spike Test - 100 VUsers Burst 1-62
2026-08-17 08:14:44,740 INFO o.a.j.t.JMeterThread: Thread started: Spike Test - 100 VUsers Burst 1-63
2026-08-17 08:14:44,788 INFO o.a.j.t.JMeterThread: Thread started: Spike Test - 100 VUsers Burst 1-64
2026-08-17 08:14:44,835 INFO o.a.j.t.JMeterThread: Thread started: Spike Test - 100 VUsers Burst 1-65
2026-08-17 08:14:44,886 INFO o.a.j.t.JMeterThread: Thread started: Spike Test - 100 VUsers Burst 1-66
2026-08-17 08:14:44,936 INFO o.a.j.t.JMeterThread: Thread started: Spike Test - 100 VUsers Burst 1-67
2026-08-17 08:14:44,985 INFO o.a.j.t.JMeterThread: Thread started: Spike Test - 100 VUsers Burst 1-68
2026-08-17 08:14:45,034 INFO o.a.j.t.JMeterThread: Thread started: Spike Test - 100 VUsers Burst 1-69
2026-08-17 08:14:45,084 INFO o.a.j.t.JMeterThread: Thread started: Spike Test - 100 VUsers Burst 1-70
2026-08-17 08:14:45,132 INFO o.a.j.t.JMeterThread: Thread started: Spike Test - 100 VUsers Burst 1-71
2026-08-17 08:14:45,185 INFO o.a.j.t.JMeterThread: Thread started: Spike Test - 100 VUsers Burst 1-72
2026-08-17 08:14:45,233 INFO o.a.j.t.JMeterThread: Thread started: Spike Test - 100 VUsers Burst 1-73
2026-08-17 08:14:45,282 INFO o.a.j.t.JMeterThread: Thread started: Spike Test - 100 VUsers Burst 1-74
2026-08-17 08:14:45,333 INFO o.a.j.t.JMeterThread: Thread started: Spike Test - 100 VUsers Burst 1-75
2026-08-17 08:14:45,383 INFO o.a.j.t.JMeterThread: Thread started: Spike Test - 100 VUsers Burst 1-76
2026-08-17 08:14:45,410 INFO o.a.j.t.JMeterThread: Thread started: Spike Test - 100 VUsers Burst 1-77
2026-08-17 08:14:45,455 INFO o.a.j.t.JMeterThread: Thread started: Spike Test - 100 VUsers Burst 1-78
2026-08-17 08:14:45,509 INFO o.a.j.t.JMeterThread: Thread started: Spike Test - 100 VUsers Burst 1-79
2026-08-17 08:14:45,559 INFO o.a.j.t.JMeterThread: Thread started: Spike Test - 100 VUsers Burst 1-80
2026-08-17 08:14:45,606 INFO o.a.j.t.JMeterThread: Thread started: Spike Test - 100 VUsers Burst 1-81
2026-08-17 08:14:45,659 INFO o.a.j.t.JMeterThread: Thread started: Spike Test - 100 VUsers Burst 1-82
2026-08-17 08:14:45,703 INFO o.a.j.t.JMeterThread: Thread started: Spike Test - 100 VUsers Burst 1-83
2026-08-17 08:14:45,753 INFO o.a.j.t.JMeterThread: Thread started: Spike Test - 100 VUsers Burst 1-84
2026-08-17 08:14:45,804 INFO o.a.j.t.JMeterThread: Thread started: Spike Test - 100 VUsers Burst 1-85
2026-08-17 08:14:45,857 INFO o.a.j.t.JMeterThread: Thread started: Spike Test - 100 VUsers Burst 1-86
2026-08-17 08:14:45,905 INFO o.a.j.t.JMeterThread: Thread started: Spike Test - 100 VUsers Burst 1-87
2026-08-17 08:14:45,934 INFO o.a.j.t.JMeterThread: Thread started: Spike Test - 100 VUsers Burst 1-88
2026-08-17 08:14:45,991 INFO o.a.j.t.JMeterThread: Thread started: Spike Test - 100 VUsers Burst 1-89
2026-08-17 08:14:46,041 INFO o.a.j.t.JMeterThread: Thread started: Spike Test - 100 VUsers Burst 1-90
2026-08-17 08:14:46,090 INFO o.a.j.t.JMeterThread: Thread started: Spike Test - 100 VUsers Burst 1-91
2026-08-17 08:14:46,138 INFO o.a.j.t.JMeterThread: Thread started: Spike Test - 100 VUsers Burst 1-92
2026-08-17 08:14:46,187 INFO o.a.j.t.JMeterThread: Thread started: Spike Test - 100 VUsers Burst 1-93
2026-08-17 08:14:46,237 INFO o.a.j.t.JMeterThread: Thread started: Spike Test - 100 VUsers Burst 1-94
2026-08-17 08:14:46,288 INFO o.a.j.t.JMeterThread: Thread started: Spike Test - 100 VUsers Burst 1-95
2026-08-17 08:14:46,334 INFO o.a.j.t.JMeterThread: Thread started: Spike Test - 100 VUsers Burst 1-96
2026-08-17 08:14:46,384 INFO o.a.j.t.JMeterThread: Thread started: Spike Test - 100 VUsers Burst 1-97
2026-08-17 08:14:46,433 INFO o.a.j.t.JMeterThread: Thread started: Spike Test - 100 VUsers Burst 1-98
2026-08-17 08:14:46,479 INFO o.a.j.t.JMeterThread: Thread started: Spike Test - 100 VUsers Burst 1-99
2026-08-17 08:14:46,531 INFO o.a.j.t.JMeterThread: Thread started: Spike Test - 100 VUsers Burst 1-100
2026-08-17 08:15:00,013 INFO o.a.j.r.Summariser: summary +    752 in 00:00:19 =   40.2/s Avg:     2 Min:     0 Max:   134 Err:     0 (0.00%) Active: 100 Started: 100 Finished: 0
2026-08-17 08:15:30,002 INFO o.a.j.r.Summariser: summary +   1505 in 00:00:30 =   50.2/s Avg:     1 Min:     0 Max:    12 Err:     0 (0.00%) Active: 100 Started: 100 Finished: 0
2026-08-17 08:15:30,002 INFO o.a.j.r.Summariser: summary =   2257 in 00:00:49 =   46.3/s Avg:     1 Min:     0 Max:   134 Err:     0 (0.00%)
2026-08-17 08:16:00,070 INFO o.a.j.r.Summariser: summary +   1493 in 00:00:30 =   49.7/s Avg:     1 Min:     0 Max:    10 Err:     0 (0.00%) Active: 100 Started: 100 Finished: 0
2026-08-17 08:16:00,071 INFO o.a.j.r.Summariser: summary =   3750 in 00:01:19 =   47.6/s Avg:     1 Min:     0 Max:   134 Err:     0 (0.00%)
2026-08-17 08:16:30,002 INFO o.a.j.r.Summariser: summary +   1504 in 00:00:30 =   50.2/s Avg:     1 Min:     0 Max:    12 Err:     0 (0.00%) Active: 100 Started: 100 Finished: 0
2026-08-17 08:16:30,002 INFO o.a.j.r.Summariser: summary =   5254 in 00:01:49 =   48.3/s Avg:     1 Min:     0 Max:   134 Err:     0 (0.00%)
2026-08-17 08:17:00,018 INFO o.a.j.r.Summariser: summary +   1491 in 00:00:30 =   49.7/s Avg:     1 Min:     0 Max:    23 Err:     0 (0.00%) Active: 100 Started: 100 Finished: 0
2026-08-17 08:17:00,018 INFO o.a.j.r.Summariser: summary =   6745 in 00:02:19 =   48.6/s Avg:     1 Min:     0 Max:   134 Err:     0 (0.00%)
2026-08-17 08:17:30,001 INFO o.a.j.r.Summariser: summary +   1499 in 00:00:30 =   50.0/s Avg:     1 Min:     0 Max:    11 Err:     0 (0.00%) Active: 100 Started: 100 Finished: 0
2026-08-17 08:17:30,002 INFO o.a.j.r.Summariser: summary =   8244 in 00:02:49 =   48.9/s Avg:     1 Min:     0 Max:   134 Err:     0 (0.00%)
2026-08-17 08:17:38,682 INFO o.a.j.t.JMeterThread: Thread finished: Spike Test - 100 VUsers Burst 1-68
2026-08-17 08:17:38,949 INFO o.a.j.t.JMeterThread: Thread finished: Spike Test - 100 VUsers Burst 1-83
2026-08-17 08:17:38,989 INFO o.a.j.t.JMeterThread: Thread finished: Spike Test - 100 VUsers Burst 1-50
2026-08-17 08:17:39,088 INFO o.a.j.t.JMeterThread: Thread finished: Spike Test - 100 VUsers Burst 1-22
2026-08-17 08:17:39,159 INFO o.a.j.t.JMeterThread: Thread finished: Spike Test - 100 VUsers Burst 1-96
2026-08-17 08:17:39,279 INFO o.a.j.t.JMeterThread: Thread finished: Spike Test - 100 VUsers Burst 1-21
2026-08-17 08:17:39,317 INFO o.a.j.t.JMeterThread: Thread finished: Spike Test - 100 VUsers Burst 1-37
2026-08-17 08:17:39,321 INFO o.a.j.t.JMeterThread: Thread finished: Spike Test - 100 VUsers Burst 1-56
2026-08-17 08:17:39,454 INFO o.a.j.t.JMeterThread: Thread finished: Spike Test - 100 VUsers Burst 1-76
2026-08-17 08:17:39,459 INFO o.a.j.t.JMeterThread: Thread finished: Spike Test - 100 VUsers Burst 1-3
2026-08-17 08:17:39,500 INFO o.a.j.t.JMeterThread: Thread finished: Spike Test - 100 VUsers Burst 1-10
2026-08-17 08:17:39,503 INFO o.a.j.t.JMeterThread: Thread finished: Spike Test - 100 VUsers Burst 1-79
2026-08-17 08:17:39,513 INFO o.a.j.t.JMeterThread: Thread finished: Spike Test - 100 VUsers Burst 1-8
2026-08-17 08:17:39,517 INFO o.a.j.t.JMeterThread: Thread finished: Spike Test - 100 VUsers Burst 1-69
2026-08-17 08:17:39,520 INFO o.a.j.t.JMeterThread: Thread finished: Spike Test - 100 VUsers Burst 1-34
2026-08-17 08:17:39,561 INFO o.a.j.t.JMeterThread: Thread finished: Spike Test - 100 VUsers Burst 1-64
2026-08-17 08:17:39,567 INFO o.a.j.t.JMeterThread: Thread finished: Spike Test - 100 VUsers Burst 1-7
2026-08-17 08:17:39,578 INFO o.a.j.t.JMeterThread: Thread finished: Spike Test - 100 VUsers Burst 1-91
2026-08-17 08:17:39,607 INFO o.a.j.t.JMeterThread: Thread finished: Spike Test - 100 VUsers Burst 1-39
2026-08-17 08:17:39,607 INFO o.a.j.t.JMeterThread: Thread finished: Spike Test - 100 VUsers Burst 1-67
2026-08-17 08:17:39,631 INFO o.a.j.t.JMeterThread: Thread finished: Spike Test - 100 VUsers Burst 1-63
2026-08-17 08:17:39,648 INFO o.a.j.t.JMeterThread: Thread finished: Spike Test - 100 VUsers Burst 1-45
2026-08-17 08:17:39,694 INFO o.a.j.t.JMeterThread: Thread finished: Spike Test - 100 VUsers Burst 1-15
2026-08-17 08:17:39,706 INFO o.a.j.t.JMeterThread: Thread finished: Spike Test - 100 VUsers Burst 1-13
2026-08-17 08:17:39,724 INFO o.a.j.t.JMeterThread: Thread finished: Spike Test - 100 VUsers Burst 1-66
2026-08-17 08:17:39,774 INFO o.a.j.t.JMeterThread: Thread finished: Spike Test - 100 VUsers Burst 1-74
2026-08-17 08:17:39,782 INFO o.a.j.t.JMeterThread: Thread finished: Spike Test - 100 VUsers Burst 1-95
2026-08-17 08:17:39,795 INFO o.a.j.t.JMeterThread: Thread finished: Spike Test - 100 VUsers Burst 1-49
2026-08-17 08:17:39,852 INFO o.a.j.t.JMeterThread: Thread finished: Spike Test - 100 VUsers Burst 1-44
2026-08-17 08:17:39,950 INFO o.a.j.t.JMeterThread: Thread finished: Spike Test - 100 VUsers Burst 1-40
2026-08-17 08:17:39,974 INFO o.a.j.t.JMeterThread: Thread finished: Spike Test - 100 VUsers Burst 1-53
2026-08-17 08:17:39,974 INFO o.a.j.t.JMeterThread: Thread finished: Spike Test - 100 VUsers Burst 1-94
2026-08-17 08:17:39,976 INFO o.a.j.t.JMeterThread: Thread finished: Spike Test - 100 VUsers Burst 1-51
2026-08-17 08:17:39,980 INFO o.a.j.t.JMeterThread: Thread finished: Spike Test - 100 VUsers Burst 1-2
2026-08-17 08:17:40,018 INFO o.a.j.t.JMeterThread: Thread finished: Spike Test - 100 VUsers Burst 1-61
2026-08-17 08:17:40,043 INFO o.a.j.t.JMeterThread: Thread finished: Spike Test - 100 VUsers Burst 1-98
2026-08-17 08:17:40,055 INFO o.a.j.t.JMeterThread: Thread finished: Spike Test - 100 VUsers Burst 1-32
2026-08-17 08:17:40,125 INFO o.a.j.t.JMeterThread: Thread finished: Spike Test - 100 VUsers Burst 1-57
2026-08-17 08:17:40,200 INFO o.a.j.t.JMeterThread: Thread finished: Spike Test - 100 VUsers Burst 1-36
2026-08-17 08:17:40,211 INFO o.a.j.t.JMeterThread: Thread finished: Spike Test - 100 VUsers Burst 1-17
2026-08-17 08:17:40,258 INFO o.a.j.t.JMeterThread: Thread finished: Spike Test - 100 VUsers Burst 1-87
2026-08-17 08:17:40,286 INFO o.a.j.t.JMeterThread: Thread finished: Spike Test - 100 VUsers Burst 1-35
2026-08-17 08:17:40,290 INFO o.a.j.t.JMeterThread: Thread finished: Spike Test - 100 VUsers Burst 1-29
2026-08-17 08:17:40,296 INFO o.a.j.t.JMeterThread: Thread finished: Spike Test - 100 VUsers Burst 1-72
2026-08-17 08:17:40,334 INFO o.a.j.t.JMeterThread: Thread finished: Spike Test - 100 VUsers Burst 1-20
2026-08-17 08:17:40,394 INFO o.a.j.t.JMeterThread: Thread finished: Spike Test - 100 VUsers Burst 1-52
2026-08-17 08:17:40,395 INFO o.a.j.t.JMeterThread: Thread finished: Spike Test - 100 VUsers Burst 1-38
2026-08-17 08:17:40,449 INFO o.a.j.t.JMeterThread: Thread finished: Spike Test - 100 VUsers Burst 1-65
2026-08-17 08:17:40,457 INFO o.a.j.t.JMeterThread: Thread finished: Spike Test - 100 VUsers Burst 1-60
2026-08-17 08:17:40,466 INFO o.a.j.t.JMeterThread: Thread finished: Spike Test - 100 VUsers Burst 1-84
2026-08-17 08:17:40,467 INFO o.a.j.t.JMeterThread: Thread finished: Spike Test - 100 VUsers Burst 1-80
2026-08-17 08:17:40,495 INFO o.a.j.t.JMeterThread: Thread finished: Spike Test - 100 VUsers Burst 1-89
2026-08-17 08:17:40,512 INFO o.a.j.t.JMeterThread: Thread finished: Spike Test - 100 VUsers Burst 1-92
2026-08-17 08:17:40,517 INFO o.a.j.t.JMeterThread: Thread finished: Spike Test - 100 VUsers Burst 1-19
2026-08-17 08:17:40,534 INFO o.a.j.t.JMeterThread: Thread finished: Spike Test - 100 VUsers Burst 1-47
2026-08-17 08:17:40,578 INFO o.a.j.t.JMeterThread: Thread finished: Spike Test - 100 VUsers Burst 1-16
2026-08-17 08:17:40,590 INFO o.a.j.t.JMeterThread: Thread finished: Spike Test - 100 VUsers Burst 1-31
2026-08-17 08:17:40,608 INFO o.a.j.t.JMeterThread: Thread finished: Spike Test - 100 VUsers Burst 1-18
2026-08-17 08:17:40,637 INFO o.a.j.t.JMeterThread: Thread finished: Spike Test - 100 VUsers Burst 1-24
2026-08-17 08:17:40,641 INFO o.a.j.t.JMeterThread: Thread finished: Spike Test - 100 VUsers Burst 1-11
2026-08-17 08:17:40,649 INFO o.a.j.t.JMeterThread: Thread finished: Spike Test - 100 VUsers Burst 1-71
2026-08-17 08:17:40,665 INFO o.a.j.t.JMeterThread: Thread finished: Spike Test - 100 VUsers Burst 1-23
2026-08-17 08:17:40,683 INFO o.a.j.t.JMeterThread: Thread finished: Spike Test - 100 VUsers Burst 1-28
2026-08-17 08:17:40,713 INFO o.a.j.t.JMeterThread: Thread finished: Spike Test - 100 VUsers Burst 1-6
2026-08-17 08:17:40,716 INFO o.a.j.t.JMeterThread: Thread finished: Spike Test - 100 VUsers Burst 1-88
2026-08-17 08:17:40,723 INFO o.a.j.t.JMeterThread: Thread finished: Spike Test - 100 VUsers Burst 1-55
2026-08-17 08:17:40,730 INFO o.a.j.t.JMeterThread: Thread finished: Spike Test - 100 VUsers Burst 1-73
2026-08-17 08:17:40,811 INFO o.a.j.t.JMeterThread: Thread finished: Spike Test - 100 VUsers Burst 1-58
2026-08-17 08:17:40,823 INFO o.a.j.t.JMeterThread: Thread finished: Spike Test - 100 VUsers Burst 1-90
2026-08-17 08:17:40,856 INFO o.a.j.t.JMeterThread: Thread finished: Spike Test - 100 VUsers Burst 1-14
2026-08-17 08:17:40,872 INFO o.a.j.t.JMeterThread: Thread finished: Spike Test - 100 VUsers Burst 1-70
2026-08-17 08:17:40,889 INFO o.a.j.t.JMeterThread: Thread finished: Spike Test - 100 VUsers Burst 1-62
2026-08-17 08:17:40,898 INFO o.a.j.t.JMeterThread: Thread finished: Spike Test - 100 VUsers Burst 1-46
2026-08-17 08:17:40,912 INFO o.a.j.t.JMeterThread: Thread finished: Spike Test - 100 VUsers Burst 1-78
2026-08-17 08:17:40,970 INFO o.a.j.t.JMeterThread: Thread finished: Spike Test - 100 VUsers Burst 1-86
2026-08-17 08:17:40,982 INFO o.a.j.t.JMeterThread: Thread finished: Spike Test - 100 VUsers Burst 1-1
2026-08-17 08:17:41,022 INFO o.a.j.t.JMeterThread: Thread finished: Spike Test - 100 VUsers Burst 1-43
2026-08-17 08:17:41,027 INFO o.a.j.t.JMeterThread: Thread finished: Spike Test - 100 VUsers Burst 1-100
2026-08-17 08:17:41,042 INFO o.a.j.t.JMeterThread: Thread finished: Spike Test - 100 VUsers Burst 1-81
2026-08-17 08:17:41,048 INFO o.a.j.t.JMeterThread: Thread finished: Spike Test - 100 VUsers Burst 1-27
2026-08-17 08:17:41,066 INFO o.a.j.t.JMeterThread: Thread finished: Spike Test - 100 VUsers Burst 1-82
2026-08-17 08:17:41,077 INFO o.a.j.t.JMeterThread: Thread finished: Spike Test - 100 VUsers Burst 1-42
2026-08-17 08:17:41,084 INFO o.a.j.t.JMeterThread: Thread finished: Spike Test - 100 VUsers Burst 1-25
2026-08-17 08:17:41,088 INFO o.a.j.t.JMeterThread: Thread finished: Spike Test - 100 VUsers Burst 1-77
2026-08-17 08:17:41,109 INFO o.a.j.t.JMeterThread: Thread finished: Spike Test - 100 VUsers Burst 1-85
2026-08-17 08:17:41,146 INFO o.a.j.t.JMeterThread: Thread finished: Spike Test - 100 VUsers Burst 1-99
2026-08-17 08:17:41,153 INFO o.a.j.t.JMeterThread: Thread finished: Spike Test - 100 VUsers Burst 1-75
2026-08-17 08:17:41,177 INFO o.a.j.t.JMeterThread: Thread finished: Spike Test - 100 VUsers Burst 1-41
2026-08-17 08:17:41,177 INFO o.a.j.t.JMeterThread: Thread finished: Spike Test - 100 VUsers Burst 1-93
2026-08-17 08:17:41,189 INFO o.a.j.t.JMeterThread: Thread finished: Spike Test - 100 VUsers Burst 1-30
2026-08-17 08:17:41,238 INFO o.a.j.t.JMeterThread: Thread finished: Spike Test - 100 VUsers Burst 1-9
2026-08-17 08:17:41,260 INFO o.a.j.t.JMeterThread: Thread finished: Spike Test - 100 VUsers Burst 1-4
2026-08-17 08:17:41,271 INFO o.a.j.t.JMeterThread: Thread finished: Spike Test - 100 VUsers Burst 1-97
2026-08-17 08:17:41,278 INFO o.a.j.t.JMeterThread: Thread finished: Spike Test - 100 VUsers Burst 1-54
2026-08-17 08:17:41,337 INFO o.a.j.t.JMeterThread: Thread finished: Spike Test - 100 VUsers Burst 1-12
2026-08-17 08:17:41,360 INFO o.a.j.t.JMeterThread: Thread finished: Spike Test - 100 VUsers Burst 1-33
2026-08-17 08:17:41,366 INFO o.a.j.t.JMeterThread: Thread finished: Spike Test - 100 VUsers Burst 1-5
2026-08-17 08:17:41,377 INFO o.a.j.t.JMeterThread: Thread finished: Spike Test - 100 VUsers Burst 1-26
2026-08-17 08:17:41,395 INFO o.a.j.t.JMeterThread: Thread finished: Spike Test - 100 VUsers Burst 1-48
2026-08-17 08:17:41,399 INFO o.a.j.t.JMeterThread: Thread finished: Spike Test - 100 VUsers Burst 1-59
2026-08-17 08:17:41,399 INFO o.a.j.e.StandardJMeterEngine: Notifying test listeners of end of test
2026-08-17 08:17:41,400 INFO o.a.j.s.FileServer: Close: test_data_users.csv
2026-08-17 08:17:41,400 INFO o.a.j.s.FileServer: Close: test_data_products.csv
2026-08-17 08:17:41,400 INFO o.a.j.s.FileServer: Close: test_data_checkout.csv
2026-08-17 08:17:41,400 INFO o.a.j.r.Summariser: summary +    568 in 00:00:11 =   49.8/s Avg:     1 Min:     0 Max:     7 Err:     0 (0.00%) Active: 0 Started: 100 Finished: 100
2026-08-17 08:17:41,400 INFO o.a.j.r.Summariser: summary =   8812 in 00:03:00 =   48.9/s Avg:     1 Min:     0 Max:   134 Err:     0 (0.00%)
2026-08-17 08:17:41,401 INFO o.a.j.JMeter: Generating Dashboard
2026-08-17 08:17:41,401 INFO o.a.j.r.d.ReportGenerator: Flushing result collector before report Generation
2026-08-17 08:17:41,410 INFO o.a.j.r.p.NormalizerSampleConsumer: Using format, 'ms', to parse timeStamp field
2026-08-17 08:17:41,966 INFO o.a.j.r.p.AbstractSampleConsumer: class org.apache.jmeter.report.processor.AggregateConsumer#stopProducing(): beginDate produced 0 samples
2026-08-17 08:17:41,966 INFO o.a.j.r.p.AbstractSampleConsumer: class org.apache.jmeter.report.processor.AggregateConsumer#stopProducing(): endDate produced 0 samples
2026-08-17 08:17:41,967 INFO o.a.j.r.p.AbstractSampleConsumer: class org.apache.jmeter.report.processor.ApdexSummaryConsumer#stopProducing(): apdexSummary produced 0 samples
2026-08-17 08:17:41,968 INFO o.a.j.r.p.AbstractSampleConsumer: class org.apache.jmeter.report.processor.RequestsSummaryConsumer#stopProducing(): requestsSummary produced 0 samples
2026-08-17 08:17:41,976 INFO o.a.j.r.p.AbstractSampleConsumer: class org.apache.jmeter.report.processor.StatisticsSummaryConsumer#stopProducing(): statisticsSummary produced 0 samples
2026-08-17 08:17:41,983 INFO o.a.j.r.p.AbstractSampleConsumer: class org.apache.jmeter.report.processor.Top5ErrorsBySamplerConsumer#stopProducing(): top5ErrorsBySampler produced 0 samples
2026-08-17 08:17:41,983 INFO o.a.j.r.p.AbstractSampleConsumer: class org.apache.jmeter.report.processor.ErrorsSummaryConsumer#stopProducing(): errorsSummary produced 0 samples
2026-08-17 08:17:41,983 INFO o.a.j.r.p.AbstractSampleConsumer: class org.apache.jmeter.report.processor.graph.impl.HitsPerSecondGraphConsumer#stopProducing(): hitsPerSecond produced 0 samples
2026-08-17 08:17:42,053 INFO o.a.j.r.p.AbstractSampleConsumer: class org.apache.jmeter.report.processor.graph.impl.LatencyVSRequestGraphConsumer#stopProducing(): latencyVsRequest produced 0 samples
2026-08-17 08:17:42,053 INFO o.a.j.r.p.AbstractSampleConsumer: class org.apache.jmeter.report.processor.graph.impl.SyntheticResponseTimeDistributionGraphConsumer#stopProducing(): syntheticResponseTimeDistribution produced 0 samples
2026-08-17 08:17:42,054 INFO o.a.j.r.p.AbstractSampleConsumer: class org.apache.jmeter.report.processor.graph.impl.BytesThroughputGraphConsumer#stopProducing(): bytesThroughputOverTime produced 0 samples
2026-08-17 08:17:42,054 INFO o.a.j.r.p.AbstractSampleConsumer: class org.apache.jmeter.report.processor.graph.impl.CodesPerSecondGraphConsumer#stopProducing(): codesPerSecond produced 0 samples
2026-08-17 08:17:42,094 INFO o.a.j.r.p.AbstractSampleConsumer: class org.apache.jmeter.report.processor.graph.impl.ResponseTimeVSRequestGraphConsumer#stopProducing(): responseTimeVsRequest produced 0 samples
2026-08-17 08:17:42,095 INFO o.a.j.r.p.AbstractSampleConsumer: class org.apache.jmeter.report.processor.FilterConsumer#stopProducing(): startIntervalControlerFilter produced 61684 samples
2026-08-17 08:17:42,095 INFO o.a.j.r.p.AbstractSampleConsumer: class org.apache.jmeter.report.processor.graph.impl.TotalTPSGraphConsumer#stopProducing(): totalTPS produced 0 samples
2026-08-17 08:17:42,095 INFO o.a.j.r.p.AbstractSampleConsumer: class org.apache.jmeter.report.processor.graph.impl.ActiveThreadsGraphConsumer#stopProducing(): activeThreadsOverTime produced 0 samples
2026-08-17 08:17:42,095 INFO o.a.j.r.p.AbstractSampleConsumer: class org.apache.jmeter.report.processor.graph.impl.TimeVSThreadGraphConsumer#stopProducing(): timeVsThreads produced 0 samples
2026-08-17 08:17:42,096 INFO o.a.j.r.p.AbstractSampleConsumer: class org.apache.jmeter.report.processor.graph.impl.ResponseTimeDistributionGraphConsumer#stopProducing(): responseTimeDistribution produced 0 samples
2026-08-17 08:17:42,096 INFO o.a.j.r.p.AbstractSampleConsumer: class org.apache.jmeter.report.processor.graph.impl.TransactionsPerSecondGraphConsumer#stopProducing(): transactionsPerSecond produced 0 samples
2026-08-17 08:17:42,096 INFO o.a.j.r.p.AbstractSampleConsumer: class org.apache.jmeter.report.processor.graph.impl.ResponseTimePercentilesGraphConsumer#stopProducing(): responseTimePercentiles produced 0 samples
2026-08-17 08:17:42,100 INFO o.a.j.r.p.AbstractSampleConsumer: class org.apache.jmeter.report.processor.graph.impl.ResponseTimePercentilesOverTimeGraphConsumer#stopProducing(): responseTimePercentilesOverTime produced 0 samples
2026-08-17 08:17:42,102 INFO o.a.j.r.p.AbstractSampleConsumer: class org.apache.jmeter.report.processor.graph.impl.ResponseTimeOverTimeGraphConsumer#stopProducing(): responseTimesOverTime produced 0 samples
2026-08-17 08:17:42,102 INFO o.a.j.r.p.AbstractSampleConsumer: class org.apache.jmeter.report.processor.graph.impl.ConnectTimeOverTimeGraphConsumer#stopProducing(): connectTimeOverTime produced 0 samples
2026-08-17 08:17:42,102 INFO o.a.j.r.p.AbstractSampleConsumer: class org.apache.jmeter.report.processor.graph.impl.LatencyOverTimeGraphConsumer#stopProducing(): latenciesOverTime produced 0 samples
2026-08-17 08:17:42,102 INFO o.a.j.r.p.AbstractSampleConsumer: class org.apache.jmeter.report.processor.FilterConsumer#stopProducing(): nameFilter produced 132180 samples
2026-08-17 08:17:42,102 INFO o.a.j.r.p.AbstractSampleConsumer: class org.apache.jmeter.report.processor.FilterConsumer#stopProducing(): dateRangeFilter produced 26436 samples
2026-08-17 08:17:42,102 INFO o.a.j.r.p.AbstractSampleConsumer: class org.apache.jmeter.report.processor.NormalizerSampleConsumer#stopProducing(): normalizer produced 8812 samples
2026-08-17 08:17:42,103 INFO o.a.j.r.p.CsvFileSampleSource: produce(): 8812 samples produced in 665ms on channel 0
2026-08-17 08:17:42,103 INFO o.a.j.r.d.ReportGenerator: Exporting data using exporter:'json' of className:'org.apache.jmeter.report.dashboard.JsonExporter'
2026-08-17 08:17:42,216 INFO o.a.j.r.d.JsonExporter: Found data for consumer statisticsSummary?in context
2026-08-17 08:17:42,216 INFO o.a.j.r.d.JsonExporter: Creating statistics for overall
2026-08-17 08:17:42,216 INFO o.a.j.r.d.JsonExporter: Creating statistics for other transactions
2026-08-17 08:17:42,216 INFO o.a.j.r.d.JsonExporter: Checking output folder
2026-08-17 08:17:42,217 INFO o.a.j.r.d.JsonExporter: Writing statistics JSON to D:\daihoc\HK3-2026\26-KIEM-THU\hw\hw2\group\eshop-sut\hw05\submit\task1\spike\23127296_Spike_20260815_html\statistics.json
2026-08-17 08:17:42,263 INFO o.a.j.r.d.ReportGenerator: Exporting data using exporter:'html' of className:'org.apache.jmeter.report.dashboard.HtmlTemplateExporter'
2026-08-17 08:17:42,265 INFO o.a.j.r.d.HtmlTemplateExporter: Will generate dashboard in folder: D:\daihoc\HK3-2026\26-KIEM-THU\hw\hw2\group\eshop-sut\hw05\submit\task1\spike\23127296_Spike_20260815_html
2026-08-17 08:17:42,414 INFO o.a.j.r.d.HtmlTemplateExporter: Report will be generated in: D:\daihoc\HK3-2026\26-KIEM-THU\hw\hw2\group\eshop-sut\hw05\submit\task1\spike\23127296_Spike_20260815_html, creating folder structure
2026-08-17 08:17:42,417 INFO o.a.j.r.d.TemplateVisitor: Copying folder from 'D:\programs\apache-jmeter-5.6.3\bin\report-template' to 'D:\daihoc\HK3-2026\26-KIEM-THU\hw\hw2\group\eshop-sut\hw05\submit\task1\spike\23127296_Spike_20260815_html', got message: D:\daihoc\HK3-2026\26-KIEM-THU\hw\hw2\group\eshop-sut\hw05\submit\task1\spike\23127296_Spike_20260815_html, found non empty folder with following content [D:\daihoc\HK3-2026\26-KIEM-THU\hw\hw2\group\eshop-sut\hw05\submit\task1\spike\23127296_Spike_20260815_html\statistics.json], will be ignored
2026-08-17 08:17:42,935 INFO o.a.j.JMeter: Dashboard generated
